Archive member included to satisfy reference by file (symbol)

C:\Users\asus rog gl552vwdh71\Desktop\workspace\lpc_board_nxp_lpcxpresso_1769\Debug\liblpc_board_nxp_lpcxpresso_1769.a(board.o)
                              ./src/ADCMSIS.o (Board_LED_Set)
C:\Users\asus rog gl552vwdh71\Desktop\workspace\lpc_board_nxp_lpcxpresso_1769\Debug\liblpc_board_nxp_lpcxpresso_1769.a(board_sysinit.o)
                              ./src/sysinit.o (Board_SystemInit)
C:\Users\asus rog gl552vwdh71\Desktop\workspace\lpc_chip_175x_6x\Debug\liblpc_chip_175x_6x.a(adc_17xx_40xx.o)
                              ./src/adc.o (Chip_ADC_Init)
C:\Users\asus rog gl552vwdh71\Desktop\workspace\lpc_chip_175x_6x\Debug\liblpc_chip_175x_6x.a(chip_17xx_40xx.o)
                              ./src/ADCMSIS.o (SystemCoreClockUpdate)
C:\Users\asus rog gl552vwdh71\Desktop\workspace\lpc_chip_175x_6x\Debug\liblpc_chip_175x_6x.a(clock_17xx_40xx.o)
                              C:\Users\asus rog gl552vwdh71\Desktop\workspace\lpc_chip_175x_6x\Debug\liblpc_chip_175x_6x.a(chip_17xx_40xx.o) (Chip_Clock_EnablePLL)
C:\Users\asus rog gl552vwdh71\Desktop\workspace\lpc_chip_175x_6x\Debug\liblpc_chip_175x_6x.a(dac_17xx_40xx.o)
                              ./src/dac.o (Chip_DAC_Init)
C:\Users\asus rog gl552vwdh71\Desktop\workspace\lpc_chip_175x_6x\Debug\liblpc_chip_175x_6x.a(i2s_17xx_40xx.o)
                              C:\Users\asus rog gl552vwdh71\Desktop\workspace\lpc_board_nxp_lpcxpresso_1769\Debug\liblpc_board_nxp_lpcxpresso_1769.a(board.o) (Chip_I2S_Init)
C:\Users\asus rog gl552vwdh71\Desktop\workspace\lpc_chip_175x_6x\Debug\liblpc_chip_175x_6x.a(iocon_17xx_40xx.o)
                              C:\Users\asus rog gl552vwdh71\Desktop\workspace\lpc_board_nxp_lpcxpresso_1769\Debug\liblpc_board_nxp_lpcxpresso_1769.a(board.o) (Chip_IOCON_PinMux)
C:\Users\asus rog gl552vwdh71\Desktop\workspace\lpc_chip_175x_6x\Debug\liblpc_chip_175x_6x.a(sysinit_17xx_40xx.o)
                              C:\Users\asus rog gl552vwdh71\Desktop\workspace\lpc_board_nxp_lpcxpresso_1769\Debug\liblpc_board_nxp_lpcxpresso_1769.a(board_sysinit.o) (Chip_SetupXtalClocking)
C:\Users\asus rog gl552vwdh71\Desktop\workspace\lpc_chip_175x_6x\Debug\liblpc_chip_175x_6x.a(uart_17xx_40xx.o)
                              C:\Users\asus rog gl552vwdh71\Desktop\workspace\lpc_board_nxp_lpcxpresso_1769\Debug\liblpc_board_nxp_lpcxpresso_1769.a(board.o) (Chip_UART_Init)
C:\Users\asus rog gl552vwdh71\Desktop\workspace\lpc_chip_175x_6x\Debug\liblpc_chip_175x_6x.a(ring_buffer.o)
                              C:\Users\asus rog gl552vwdh71\Desktop\workspace\lpc_chip_175x_6x\Debug\liblpc_chip_175x_6x.a(uart_17xx_40xx.o) (RingBuffer_Insert)
C:\Users\asus rog gl552vwdh71\Desktop\workspace\CMSIS_DSPLIB_CM3\lib\libCMSIS_DSPLIB_CM3.a(arm_biquad_cascade_df1_init_q31.o)
                              ./src/ADCMSIS.o (arm_biquad_cascade_df1_init_q31)
C:\Users\asus rog gl552vwdh71\Desktop\workspace\CMSIS_DSPLIB_CM3\lib\libCMSIS_DSPLIB_CM3.a(arm_fir_init_q31.o)
                              ./src/ADCMSIS.o (arm_fir_init_q31)
c:/nxp/mcuxpressoide_11.6.0_8187/ide/plugins/com.nxp.mcuxpresso.tools.win32_11.6.0.202112161359/tools/bin/../lib/gcc/arm-none-eabi/10.3.1/../../../../arm-none-eabi/lib/thumb/v7-m/nofp\libcr_c.a(memcpy.o)
                              C:\Users\asus rog gl552vwdh71\Desktop\workspace\lpc_board_nxp_lpcxpresso_1769\Debug\liblpc_board_nxp_lpcxpresso_1769.a(board.o) (memcpy)
c:/nxp/mcuxpressoide_11.6.0_8187/ide/plugins/com.nxp.mcuxpresso.tools.win32_11.6.0.202112161359/tools/bin/../lib/gcc/arm-none-eabi/10.3.1/../../../../arm-none-eabi/lib/thumb/v7-m/nofp\libcr_c.a(memset.o)
                              C:\Users\asus rog gl552vwdh71\Desktop\workspace\CMSIS_DSPLIB_CM3\lib\libCMSIS_DSPLIB_CM3.a(arm_biquad_cascade_df1_init_q31.o) (memset)
c:/nxp/mcuxpressoide_11.6.0_8187/ide/plugins/com.nxp.mcuxpresso.tools.win32_11.6.0.202112161359/tools/bin/../lib/gcc/arm-none-eabi/10.3.1/../../../../arm-none-eabi/lib/thumb/v7-m/nofp\libcr_c.a(__weak__main.o)
                              ./src/cr_startup_lpc175x_6x.o (__main)
c:/nxp/mcuxpressoide_11.6.0_8187/ide/plugins/com.nxp.mcuxpresso.tools.win32_11.6.0.202112161359/tools/bin/../lib/gcc/arm-none-eabi/10.3.1/thumb/v7-m/nofp\libcr_eabihelpers.a(division_64.o)
                              C:\Users\asus rog gl552vwdh71\Desktop\workspace\lpc_chip_175x_6x\Debug\liblpc_chip_175x_6x.a(i2s_17xx_40xx.o) (__aeabi_uldivmod)
c:/nxp/mcuxpressoide_11.6.0_8187/ide/plugins/com.nxp.mcuxpresso.tools.win32_11.6.0.202112161359/tools/bin/../lib/gcc/arm-none-eabi/10.3.1/thumb/v7-m/nofp\libcr_eabihelpers.a(division_idiv0.o)
                              c:/nxp/mcuxpressoide_11.6.0_8187/ide/plugins/com.nxp.mcuxpresso.tools.win32_11.6.0.202112161359/tools/bin/../lib/gcc/arm-none-eabi/10.3.1/thumb/v7-m/nofp\libcr_eabihelpers.a(division_64.o) (__aeabi_idiv0)
[...]
Memory Configuration

Name             Origin             Length             Attributes
MFlash512        0x00000000         0x00080000         xr
RamLoc32         0x10000000         0x00008000         xrw
RamAHB32         0x2007c000         0x00008000         xrw
*default*        0x00000000         0xffffffff

Linker script and memory map

LOAD ./src/ADCMSIS.o
LOAD ./src/adc.o
LOAD ./src/cr_startup_lpc175x_6x.o
LOAD ./src/crp.o
LOAD ./src/dac.o
LOAD ./src/filter.o
LOAD ./src/sysinit.o
LOAD C:\Users\asus rog gl552vwdh71\Desktop\workspace\lpc_board_nxp_lpcxpresso_1769\Debug\liblpc_board_nxp_lpcxpresso_1769.a
LOAD C:\Users\asus rog gl552vwdh71\Desktop\workspace\lpc_chip_175x_6x\Debug\liblpc_chip_175x_6x.a
LOAD C:\Users\asus rog gl552vwdh71\Desktop\workspace\CMSIS_DSPLIB_CM3\lib\libCMSIS_DSPLIB_CM3.a
START GROUP
LOAD c:/nxp/mcuxpressoide_11.6.0_8187/ide/plugins/com.nxp.mcuxpresso.tools.win32_11.6.0.202112161359/tools/bin/../lib/gcc/arm-none-eabi/10.3.1/../../../../arm-none-eabi/lib/thumb/v7-m/nofp\libcr_c.a
LOAD c:/nxp/mcuxpressoide_11.6.0_8187/ide/plugins/com.nxp.mcuxpresso.tools.win32_11.6.0.202112161359/tools/bin/../lib/gcc/arm-none-eabi/10.3.1/thumb/v7-m/nofp\libcr_eabihelpers.a
LOAD c:/nxp/mcuxpressoide_11.6.0_8187/ide/plugins/com.nxp.mcuxpresso.tools.win32_11.6.0.202112161359/tools/bin/../lib/gcc/arm-none-eabi/10.3.1/thumb/v7-m/nofp\libgcc.a
END GROUP
                0x00000000                __base_MFlash512 = 0x0
                0x00000000                __base_Flash = 0x0
                0x00080000                __top_MFlash512 = 0x80000
                0x00080000                __top_Flash = 0x80000
                0x10000000                __base_RamLoc32 = 0x10000000
                0x10000000                __base_RAM = 0x10000000
                0x10008000                __top_RamLoc32 = 0x10008000
                0x10008000                __top_RAM = 0x10008000
                0x2007c000                __base_RamAHB32 = 0x2007c000
                0x2007c000                __base_RAM2 = 0x2007c000
                0x20084000                __top_RamAHB32 = 0x20084000
                0x20084000                __top_RAM2 = 0x20084000

.text           0x00000000     0x1534
 FILL mask 0xff
                0x00000000                __vectors_start__ = ABSOLUTE (.)
 *(.isr_vector)
 .isr_vector    0x00000000       0xcc ./src/cr_startup_lpc175x_6x.o
                0x00000000                g_pfnVectors
                0x000000cc                . = ALIGN (0x4)
                0x000000cc                __section_table_start = .
                0x000000cc                __data_section_table = .
                0x000000cc        0x4 LONG 0x1534 LOADADDR (.data)
                0x000000d0        0x4 LONG 0x10000000 ADDR (.data)
                0x000000d4        0x4 LONG 0x4 SIZEOF (.data)
                0x000000d8        0x4 LONG 0x1534 LOADADDR (.data_RAM2)
                0x000000dc        0x4 LONG 0x2007c000 ADDR (.data_RAM2)
                0x000000e0        0x4 LONG 0x0 SIZEOF (.data_RAM2)
                0x000000e4                __data_section_table_end = .
                0x000000e4                __bss_section_table = .
                0x000000e4        0x4 LONG 0x10000004 ADDR (.bss)
                0x000000e8        0x4 LONG 0xdd8 SIZEOF (.bss)
                0x000000ec        0x4 LONG 0x2007c000 ADDR (.bss_RAM2)
                0x000000f0        0x4 LONG 0x0 SIZEOF (.bss_RAM2)
                0x000000f4                __bss_section_table_end = .
                0x000000f4                __section_table_end = .
 *(.after_vectors*)
 .after_vectors
                0x000000f4      0x130 ./src/cr_startup_lpc175x_6x.o
                0x000000f4                data_init
                0x00000138                bss_init
                0x00000170                ResetISR
                0x000001e8                NMI_Handler
                0x000001ee                HardFault_Handler
                0x000001f4                MemManage_Handler
                0x000001fa                BusFault_Handler
                0x00000200                UsageFault_Handler
                0x00000206                SVC_Handler
                0x0000020c                DebugMon_Handler
                0x00000212                PendSV_Handler
                0x00000218                SysTick_Handler
                0x0000021e                EINT3_IRQHandler
                0x0000021e                CANActivity_IRQHandler
                0x0000021e                TIMER3_IRQHandler
                0x0000021e                UART0_IRQHandler
                0x0000021e                UART1_IRQHandler
                0x0000021e                EINT2_IRQHandler
                0x0000021e                USBActivity_IRQHandler
                0x0000021e                IntDefaultHandler
                0x0000021e                PLL0_IRQHandler
                0x0000021e                I2C0_IRQHandler
                0x0000021e                I2C1_IRQHandler
                0x0000021e                SSP0_IRQHandler
                0x0000021e                I2S_IRQHandler
                0x0000021e                I2C2_IRQHandler
                0x0000021e                RTC_IRQHandler
                0x0000021e                TIMER0_IRQHandler
                0x0000021e                SPI_IRQHandler
                0x0000021e                RIT_IRQHandler
                0x0000021e                EINT1_IRQHandler
                0x0000021e                TIMER1_IRQHandler
                0x0000021e                UART2_IRQHandler
                0x0000021e                SSP1_IRQHandler
                0x0000021e                USB_IRQHandler
                0x0000021e                BOD_IRQHandler
                0x0000021e                PLL1_IRQHandler
                0x0000021e                WDT_IRQHandler
                0x0000021e                PWM1_IRQHandler
                0x0000021e                QEI_IRQHandler
                0x0000021e                EINT0_IRQHandler
                0x0000021e                ETH_IRQHandler
                0x0000021e                CAN_IRQHandler
                0x0000021e                DMA_IRQHandler
                0x0000021e                TIMER2_IRQHandler
                0x0000021e                UART3_IRQHandler
                0x0000021e                MCPWM_IRQHandler
                0x000002fc                . = 0x2fc
 *fill*         0x00000224       0xd8 ff
                0x000002fc                PROVIDE (__CRP_WORD_START__ = .)
 *(.crp)
 .crp           0x000002fc        0x4 ./src/crp.o
                0x000002fc                CRP_WORD
                0x00000300                PROVIDE (__CRP_WORD_END__ = .)
                0x00000001                ASSERT (! ((__CRP_WORD_START__ == __CRP_WORD_END__)), Linker CRP Enabled, but no CRP_WORD provided within application)
 *(.text*)
 .text.main     0x00000300       0xdc ./src/ADCMSIS.o
                0x00000300                main
 .text.NVIC_EnableIRQ
                0x000003dc       0x30 ./src/adc.o
 .text.adcInit  0x0000040c       0x4c ./src/adc.o
                0x0000040c                adcInit
 .text.ADC_IRQHandler
                0x00000458       0xfc ./src/adc.o
                0x00000458                ADC_IRQHandler
 .text.dacInit  0x00000554       0x14 ./src/dac.o
                0x00000554                dacInit
 .text.dacWrite
                0x00000568       0x1c ./src/dac.o
                0x00000568                dacWrite
 .text.SystemInit
                0x00000584       0x24 ./src/sysinit.o
                0x00000584                SystemInit
 .text.Chip_IOCON_Init
                0x000005a8       0x16 C:\Users\asus rog gl552vwdh71\Desktop\workspace\lpc_board_nxp_lpcxpresso_1769\Debug\liblpc_board_nxp_lpcxpresso_1769.a(board.o)
 .text.Chip_GPIO_Init
                0x000005be       0x16 C:\Users\asus rog gl552vwdh71\Desktop\workspace\lpc_board_nxp_lpcxpresso_1769\Debug\liblpc_board_nxp_lpcxpresso_1769.a(board.o)
 .text.Chip_GPIO_SetPinState
                0x000005d4       0x64 C:\Users\asus rog gl552vwdh71\Desktop\workspace\lpc_board_nxp_lpcxpresso_1769\Debug\liblpc_board_nxp_lpcxpresso_1769.a(board.o)
 .text.Chip_GPIO_WritePortBit
                0x00000638       0x2c C:\Users\asus rog gl552vwdh71\Desktop\workspace\lpc_board_nxp_lpcxpresso_1769\Debug\liblpc_board_nxp_lpcxpresso_1769.a(board.o)
 .text.Chip_GPIO_SetPinDIROutput
                0x00000664       0x36 C:\Users\asus rog gl552vwdh71\Desktop\workspace\lpc_board_nxp_lpcxpresso_1769\Debug\liblpc_board_nxp_lpcxpresso_1769.a(board.o)
 .text.Chip_GPIO_SetPinDIRInput
                0x0000069a       0x3a C:\Users\asus rog gl552vwdh71\Desktop\workspace\lpc_board_nxp_lpcxpresso_1769\Debug\liblpc_board_nxp_lpcxpresso_1769.a(board.o)
 .text.Chip_GPIO_SetPinDIR
                0x000006d4       0x42 C:\Users\asus rog gl552vwdh71\Desktop\workspace\lpc_board_nxp_lpcxpresso_1769\Debug\liblpc_board_nxp_lpcxpresso_1769.a(board.o)
 .text.Chip_GPIO_WriteDirBit
                0x00000716       0x2e C:\Users\asus rog gl552vwdh71\Desktop\workspace\lpc_board_nxp_lpcxpresso_1769\Debug\liblpc_board_nxp_lpcxpresso_1769.a(board.o)
 .text.Chip_UART_ConfigData
                0x00000744       0x1a C:\Users\asus rog gl552vwdh71\Desktop\workspace\lpc_board_nxp_lpcxpresso_1769\Debug\liblpc_board_nxp_lpcxpresso_1769.a(board.o)
 *fill*         0x0000075e        0x2 ff
 .text.Board_LED_Init
                0x00000760       0x18 C:\Users\asus rog gl552vwdh71\Desktop\workspace\lpc_board_nxp_lpcxpresso_1769\Debug\liblpc_board_nxp_lpcxpresso_1769.a(board.o)
 .text.Board_UART_Init
                0x00000778       0x12 C:\Users\asus rog gl552vwdh71\Desktop\workspace\lpc_board_nxp_lpcxpresso_1769\Debug\liblpc_board_nxp_lpcxpresso_1769.a(board.o)
                0x00000778                Board_UART_Init
 *fill*         0x0000078a        0x2 ff
 .text.Board_Debug_Init
                0x0000078c       0x30 C:\Users\asus rog gl552vwdh71\Desktop\workspace\lpc_board_nxp_lpcxpresso_1769\Debug\liblpc_board_nxp_lpcxpresso_1769.a(board.o)
                0x0000078c                Board_Debug_Init
 .text.Board_LED_Set
                0x000007bc       0x30 C:\Users\asus rog gl552vwdh71\Desktop\workspace\lpc_board_nxp_lpcxpresso_1769\Debug\liblpc_board_nxp_lpcxpresso_1769.a(board.o)
                0x000007bc                Board_LED_Set
 .text.Board_Init
                0x000007ec       0x24 C:\Users\asus rog gl552vwdh71\Desktop\workspace\lpc_board_nxp_lpcxpresso_1769\Debug\liblpc_board_nxp_lpcxpresso_1769.a(board.o)
                0x000007ec                Board_Init
 .text.Chip_SYSCTL_SetFLASHAccess
                0x00000810       0x30 C:\Users\asus rog gl552vwdh71\Desktop\workspace\lpc_board_nxp_lpcxpresso_1769\Debug\liblpc_board_nxp_lpcxpresso_1769.a(board_sysinit.o)
 .text.Board_SetupMuxing
                0x00000840       0x1c C:\Users\asus rog gl552vwdh71\Desktop\workspace\lpc_board_nxp_lpcxpresso_1769\Debug\liblpc_board_nxp_lpcxpresso_1769.a(board_sysinit.o)
                0x00000840                Board_SetupMuxing
 .text.Board_SetupClocking
                0x0000085c       0x12 C:\Users\asus rog gl552vwdh71\Desktop\workspace\lpc_board_nxp_lpcxpresso_1769\Debug\liblpc_board_nxp_lpcxpresso_1769.a(board_sysinit.o)
                0x0000085c                Board_SetupClocking
 .text.Board_SystemInit
                0x0000086e       0x10 C:\Users\asus rog gl552vwdh71\Desktop\workspace\lpc_board_nxp_lpcxpresso_1769\Debug\liblpc_board_nxp_lpcxpresso_1769.a(board_sysinit.o)
                0x0000086e                Board_SystemInit
 .text.getFullConvClk
                0x0000087e        0xe C:\Users\asus rog gl552vwdh71\Desktop\workspace\lpc_chip_175x_6x\Debug\liblpc_chip_175x_6x.a(adc_17xx_40xx.o)
 .text.getClkDiv
                0x0000088c       0x4c C:\Users\asus rog gl552vwdh71\Desktop\workspace\lpc_chip_175x_6x\Debug\liblpc_chip_175x_6x.a(adc_17xx_40xx.o)
 .text.setStartMode
                0x000008d8       0x2c C:\Users\asus rog gl552vwdh71\Desktop\workspace\lpc_chip_175x_6x\Debug\liblpc_chip_175x_6x.a(adc_17xx_40xx.o)
                0x000008d8                setStartMode
 .text.readAdcVal
                0x00000904       0x40 C:\Users\asus rog gl552vwdh71\Desktop\workspace\lpc_chip_175x_6x\Debug\liblpc_chip_175x_6x.a(adc_17xx_40xx.o)
                0x00000904                readAdcVal
 .text.Chip_ADC_Init
                0x00000944       0x74 C:\Users\asus rog gl552vwdh71\Desktop\workspace\lpc_chip_175x_6x\Debug\liblpc_chip_175x_6x.a(adc_17xx_40xx.o)
                0x00000944                Chip_ADC_Init
 .text.Chip_ADC_ReadValue
                0x000009b8       0x24 C:\Users\asus rog gl552vwdh71\Desktop\workspace\lpc_chip_175x_6x\Debug\liblpc_chip_175x_6x.a(adc_17xx_40xx.o)
                0x000009b8                Chip_ADC_ReadValue
 .text.Chip_ADC_Int_SetChannelCmd
                0x000009dc       0x48 C:\Users\asus rog gl552vwdh71\Desktop\workspace\lpc_chip_175x_6x\Debug\liblpc_chip_175x_6x.a(adc_17xx_40xx.o)
                0x000009dc                Chip_ADC_Int_SetChannelCmd
 .text.Chip_ADC_SetSampleRate
                0x00000a24       0x50 C:\Users\asus rog gl552vwdh71\Desktop\workspace\lpc_chip_175x_6x\Debug\liblpc_chip_175x_6x.a(adc_17xx_40xx.o)
                0x00000a24                Chip_ADC_SetSampleRate
 .text.Chip_ADC_EnableChannel
                0x00000a74       0x54 C:\Users\asus rog gl552vwdh71\Desktop\workspace\lpc_chip_175x_6x\Debug\liblpc_chip_175x_6x.a(adc_17xx_40xx.o)
                0x00000a74                Chip_ADC_EnableChannel
 .text.Chip_ADC_SetBurstCmd
                0x00000ac8       0x3c C:\Users\asus rog gl552vwdh71\Desktop\workspace\lpc_chip_175x_6x\Debug\liblpc_chip_175x_6x.a(adc_17xx_40xx.o)
                0x00000ac8                Chip_ADC_SetBurstCmd
 .text.SystemCoreClockUpdate
                0x00000b04       0x18 C:\Users\asus rog gl552vwdh71\Desktop\workspace\lpc_chip_175x_6x\Debug\liblpc_chip_175x_6x.a(chip_17xx_40xx.o)
                0x00000b04                SystemCoreClockUpdate
 .text.Chip_Clock_IsMainPLLEnabled
                0x00000b1c       0x24 C:\Users\asus rog gl552vwdh71\Desktop\workspace\lpc_chip_175x_6x\Debug\liblpc_chip_175x_6x.a(clock_17xx_40xx.o)
 .text.Chip_Clock_IsMainPLLConnected
                0x00000b40       0x24 C:\Users\asus rog gl552vwdh71\Desktop\workspace\lpc_chip_175x_6x\Debug\liblpc_chip_175x_6x.a(clock_17xx_40xx.o)
 .text.Chip_Clock_FeedPLL
                0x00000b64       0x34 C:\Users\asus rog gl552vwdh71\Desktop\workspace\lpc_chip_175x_6x\Debug\liblpc_chip_175x_6x.a(clock_17xx_40xx.o)
 .text.Chip_Clock_GetMainPLLSource
                0x00000b98       0x20 C:\Users\asus rog gl552vwdh71\Desktop\workspace\lpc_chip_175x_6x\Debug\liblpc_chip_175x_6x.a(clock_17xx_40xx.o)
 .text.Chip_Clock_GetMainOscRate
                0x00000bb8       0x14 C:\Users\asus rog gl552vwdh71\Desktop\workspace\lpc_chip_175x_6x\Debug\liblpc_chip_175x_6x.a(clock_17xx_40xx.o)
 .text.Chip_Clock_GetIntOscRate
                0x00000bcc       0x14 C:\Users\asus rog gl552vwdh71\Desktop\workspace\lpc_chip_175x_6x\Debug\liblpc_chip_175x_6x.a(clock_17xx_40xx.o)
 .text.Chip_Clock_GetRTCOscRate
                0x00000be0       0x14 C:\Users\asus rog gl552vwdh71\Desktop\workspace\lpc_chip_175x_6x\Debug\liblpc_chip_175x_6x.a(clock_17xx_40xx.o)
 .text.Chip_Clock_GetMainPLLInClockRate
                0x00000bf4        0xe C:\Users\asus rog gl552vwdh71\Desktop\workspace\lpc_chip_175x_6x\Debug\liblpc_chip_175x_6x.a(clock_17xx_40xx.o)
 *fill*         0x00000c02        0x2 ff
 .text.Chip_Clock_EnablePLL
                0x00000c04       0x44 C:\Users\asus rog gl552vwdh71\Desktop\workspace\lpc_chip_175x_6x\Debug\liblpc_chip_175x_6x.a(clock_17xx_40xx.o)
                0x00000c04                Chip_Clock_EnablePLL
 .text.Chip_Clock_DisablePLL
                0x00000c48       0x48 C:\Users\asus rog gl552vwdh71\Desktop\workspace\lpc_chip_175x_6x\Debug\liblpc_chip_175x_6x.a(clock_17xx_40xx.o)
                0x00000c48                Chip_Clock_DisablePLL
 .text.Chip_Clock_SetupPLL
                0x00000c90       0x5c C:\Users\asus rog gl552vwdh71\Desktop\workspace\lpc_chip_175x_6x\Debug\liblpc_chip_175x_6x.a(clock_17xx_40xx.o)
                0x00000c90                Chip_Clock_SetupPLL
 .text.Chip_Clock_EnablePeriphClock
                0x00000cec       0x34 C:\Users\asus rog gl552vwdh71\Desktop\workspace\lpc_chip_175x_6x\Debug\liblpc_chip_175x_6x.a(clock_17xx_40xx.o)
                0x00000cec                Chip_Clock_EnablePeriphClock
 .text.Chip_Clock_GetCPUClockSource
                0x00000d20       0x24 C:\Users\asus rog gl552vwdh71\Desktop\workspace\lpc_chip_175x_6x\Debug\liblpc_chip_175x_6x.a(clock_17xx_40xx.o)
                0x00000d20                Chip_Clock_GetCPUClockSource
 .text.Chip_Clock_SetCPUClockDiv
                0x00000d44       0x20 C:\Users\asus rog gl552vwdh71\Desktop\workspace\lpc_chip_175x_6x\Debug\liblpc_chip_175x_6x.a(clock_17xx_40xx.o)
                0x00000d44                Chip_Clock_SetCPUClockDiv
 .text.Chip_Clock_GetCPUClockDiv
                0x00000d64       0x1c C:\Users\asus rog gl552vwdh71\Desktop\workspace\lpc_chip_175x_6x\Debug\liblpc_chip_175x_6x.a(clock_17xx_40xx.o)
                0x00000d64                Chip_Clock_GetCPUClockDiv
 .text.Chip_Clock_GetPCLKDiv
                0x00000d80       0x8c C:\Users\asus rog gl552vwdh71\Desktop\workspace\lpc_chip_175x_6x\Debug\liblpc_chip_175x_6x.a(clock_17xx_40xx.o)
                0x00000d80                Chip_Clock_GetPCLKDiv
 .text.Chip_Clock_GetSYSCLKRate
                0x00000e0c       0x3a C:\Users\asus rog gl552vwdh71\Desktop\workspace\lpc_chip_175x_6x\Debug\liblpc_chip_175x_6x.a(clock_17xx_40xx.o)
                0x00000e0c                Chip_Clock_GetSYSCLKRate
 *fill*         0x00000e46        0x2 ff
 .text.Chip_Clock_GetMainPLLOutClockRate
                0x00000e48       0x54 C:\Users\asus rog gl552vwdh71\Desktop\workspace\lpc_chip_175x_6x\Debug\liblpc_chip_175x_6x.a(clock_17xx_40xx.o)
                0x00000e48                Chip_Clock_GetMainPLLOutClockRate
 .text.Chip_Clock_GetMainClockRate
                0x00000e9c       0x28 C:\Users\asus rog gl552vwdh71\Desktop\workspace\lpc_chip_175x_6x\Debug\liblpc_chip_175x_6x.a(clock_17xx_40xx.o)
                0x00000e9c                Chip_Clock_GetMainClockRate
 .text.Chip_Clock_GetSystemClockRate
                0x00000ec4       0x18 C:\Users\asus rog gl552vwdh71\Desktop\workspace\lpc_chip_175x_6x\Debug\liblpc_chip_175x_6x.a(clock_17xx_40xx.o)
                0x00000ec4                Chip_Clock_GetSystemClockRate
 .text.Chip_Clock_GetPeripheralClockRate
                0x00000edc       0x26 C:\Users\asus rog gl552vwdh71\Desktop\workspace\lpc_chip_175x_6x\Debug\liblpc_chip_175x_6x.a(clock_17xx_40xx.o)
                0x00000edc                Chip_Clock_GetPeripheralClockRate
 .text.Chip_DAC_Init
                0x00000f02       0x18 C:\Users\asus rog gl552vwdh71\Desktop\workspace\lpc_chip_175x_6x\Debug\liblpc_chip_175x_6x.a(dac_17xx_40xx.o)
                0x00000f02                Chip_DAC_Init
 .text.Chip_DAC_UpdateValue
                0x00000f1a       0x30 C:\Users\asus rog gl552vwdh71\Desktop\workspace\lpc_chip_175x_6x\Debug\liblpc_chip_175x_6x.a(dac_17xx_40xx.o)
                0x00000f1a                Chip_DAC_UpdateValue
 .text.Chip_DAC_SetBias
                0x00000f4a       0x32 C:\Users\asus rog gl552vwdh71\Desktop\workspace\lpc_chip_175x_6x\Debug\liblpc_chip_175x_6x.a(dac_17xx_40xx.o)
                0x00000f4a                Chip_DAC_SetBias
 .text.Chip_IOCON_PinMuxSet
                0x00000f7c       0x36 C:\Users\asus rog gl552vwdh71\Desktop\workspace\lpc_chip_175x_6x\Debug\liblpc_chip_175x_6x.a(iocon_17xx_40xx.o)
                0x00000f7c                Chip_IOCON_PinMuxSet
 .text.Chip_IOCON_PinMux
                0x00000fb2       0x94 C:\Users\asus rog gl552vwdh71\Desktop\workspace\lpc_chip_175x_6x\Debug\liblpc_chip_175x_6x.a(iocon_17xx_40xx.o)
                0x00000fb2                Chip_IOCON_PinMux
 .text.Chip_IOCON_SetPinMuxing
                0x00001046       0x64 C:\Users\asus rog gl552vwdh71\Desktop\workspace\lpc_chip_175x_6x\Debug\liblpc_chip_175x_6x.a(iocon_17xx_40xx.o)
                0x00001046                Chip_IOCON_SetPinMuxing
 *fill*         0x000010aa        0x2 ff
 .text.Chip_Clock_IsMainPLLEnabled
                0x000010ac       0x24 C:\Users\asus rog gl552vwdh71\Desktop\workspace\lpc_chip_175x_6x\Debug\liblpc_chip_175x_6x.a(sysinit_17xx_40xx.o)
 .text.Chip_Clock_IsMainPLLLocked
                0x000010d0       0x24 C:\Users\asus rog gl552vwdh71\Desktop\workspace\lpc_chip_175x_6x\Debug\liblpc_chip_175x_6x.a(sysinit_17xx_40xx.o)
 .text.Chip_Clock_IsMainPLLConnected
                0x000010f4       0x24 C:\Users\asus rog gl552vwdh71\Desktop\workspace\lpc_chip_175x_6x\Debug\liblpc_chip_175x_6x.a(sysinit_17xx_40xx.o)
 .text.Chip_Clock_EnableCrystal
                0x00001118       0x20 C:\Users\asus rog gl552vwdh71\Desktop\workspace\lpc_chip_175x_6x\Debug\liblpc_chip_175x_6x.a(sysinit_17xx_40xx.o)
 .text.Chip_Clock_IsCrystalEnabled
                0x00001138       0x24 C:\Users\asus rog gl552vwdh71\Desktop\workspace\lpc_chip_175x_6x\Debug\liblpc_chip_175x_6x.a(sysinit_17xx_40xx.o)
 .text.Chip_Clock_SetMainPLLSource
                0x0000115c       0x20 C:\Users\asus rog gl552vwdh71\Desktop\workspace\lpc_chip_175x_6x\Debug\liblpc_chip_175x_6x.a(sysinit_17xx_40xx.o)
 .text.Chip_SetupXtalClocking
                0x0000117c       0x90 C:\Users\asus rog gl552vwdh71\Desktop\workspace\lpc_chip_175x_6x\Debug\liblpc_chip_175x_6x.a(sysinit_17xx_40xx.o)
                0x0000117c                Chip_SetupXtalClocking
 .text.Chip_UART_SetupFIFOS
                0x0000120c       0x1a C:\Users\asus rog gl552vwdh71\Desktop\workspace\lpc_chip_175x_6x\Debug\liblpc_chip_175x_6x.a(uart_17xx_40xx.o)
 .text.Chip_UART_ConfigData
                0x00001226       0x1a C:\Users\asus rog gl552vwdh71\Desktop\workspace\lpc_chip_175x_6x\Debug\liblpc_chip_175x_6x.a(uart_17xx_40xx.o)
 .text.Chip_UART_EnableDivisorAccess
                0x00001240       0x1e C:\Users\asus rog gl552vwdh71\Desktop\workspace\lpc_chip_175x_6x\Debug\liblpc_chip_175x_6x.a(uart_17xx_40xx.o)
 .text.Chip_UART_DisableDivisorAccess
                0x0000125e       0x1e C:\Users\asus rog gl552vwdh71\Desktop\workspace\lpc_chip_175x_6x\Debug\liblpc_chip_175x_6x.a(uart_17xx_40xx.o)
 .text.Chip_UART_SetDivisorLatches
                0x0000127c       0x26 C:\Users\asus rog gl552vwdh71\Desktop\workspace\lpc_chip_175x_6x\Debug\liblpc_chip_175x_6x.a(uart_17xx_40xx.o)
 *fill*         0x000012a2        0x2 ff
 .text.Chip_UART_GetClockIndex
                0x000012a4       0x50 C:\Users\asus rog gl552vwdh71\Desktop\workspace\lpc_chip_175x_6x\Debug\liblpc_chip_175x_6x.a(uart_17xx_40xx.o)
 .text.Chip_UART_GetClkIndex
                0x000012f4       0x50 C:\Users\asus rog gl552vwdh71\Desktop\workspace\lpc_chip_175x_6x\Debug\liblpc_chip_175x_6x.a(uart_17xx_40xx.o)
 .text.Chip_UART_Init
                0x00001344       0x78 C:\Users\asus rog gl552vwdh71\Desktop\workspace\lpc_chip_175x_6x\Debug\liblpc_chip_175x_6x.a(uart_17xx_40xx.o)
                0x00001344                Chip_UART_Init
 .text.Chip_UART_TXEnable
                0x000013bc       0x18 C:\Users\asus rog gl552vwdh71\Desktop\workspace\lpc_chip_175x_6x\Debug\liblpc_chip_175x_6x.a(uart_17xx_40xx.o)
                0x000013bc                Chip_UART_TXEnable
 .text.Chip_UART_TXDisable
                0x000013d4       0x18 C:\Users\asus rog gl552vwdh71\Desktop\workspace\lpc_chip_175x_6x\Debug\liblpc_chip_175x_6x.a(uart_17xx_40xx.o)
                0x000013d4                Chip_UART_TXDisable
 .text.Chip_UART_SetBaud
                0x000013ec       0x62 C:\Users\asus rog gl552vwdh71\Desktop\workspace\lpc_chip_175x_6x\Debug\liblpc_chip_175x_6x.a(uart_17xx_40xx.o)
                0x000013ec                Chip_UART_SetBaud
 *fill*         0x0000144e        0x2 ff
 .text.arm_biquad_cascade_df1_init_q31
                0x00001450       0x20 C:\Users\asus rog gl552vwdh71\Desktop\workspace\CMSIS_DSPLIB_CM3\lib\libCMSIS_DSPLIB_CM3.a(arm_biquad_cascade_df1_init_q31.o)
                0x00001450                arm_biquad_cascade_df1_init_q31
 .text.arm_fir_init_q31
                0x00001470       0x24 C:\Users\asus rog gl552vwdh71\Desktop\workspace\CMSIS_DSPLIB_CM3\lib\libCMSIS_DSPLIB_CM3.a(arm_fir_init_q31.o)
                0x00001470                arm_fir_init_q31
 .text.memset   0x00001494        0x4 c:/nxp/mcuxpressoide_11.6.0_8187/ide/plugins/com.nxp.mcuxpresso.tools.win32_11.6.0.202112161359/tools/bin/../lib/gcc/arm-none-eabi/10.3.1/../../../../arm-none-eabi/lib/thumb/v7-m/nofp\libcr_c.a(memset.o)
                0x00001494                memset
 .text.__weak_main
                0x00001498        0x4 c:/nxp/mcuxpressoide_11.6.0_8187/ide/plugins/com.nxp.mcuxpresso.tools.win32_11.6.0.202112161359/tools/bin/../lib/gcc/arm-none-eabi/10.3.1/../../../../arm-none-eabi/lib/thumb/v7-m/nofp\libcr_c.a(__weak__main.o)
                0x00001498                __weak_main
                0x00001498                __main
 .text.__aeabi_memset_lowlevel
                0x0000149c       0x32 c:/nxp/mcuxpressoide_11.6.0_8187/ide/plugins/com.nxp.mcuxpresso.tools.win32_11.6.0.202112161359/tools/bin/../lib/gcc/arm-none-eabi/10.3.1/thumb/v7-m/nofp\libcr_eabihelpers.a(memcpy.o)
                0x0000149c                __aeabi_lowlevel_memset
 *(.rodata .rodata.* .constdata .constdata.*)
 *fill*         0x000014ce        0x2 ff
 .rodata.OscRateIn
                0x000014d0        0x4 C:\Users\asus rog gl552vwdh71\Desktop\workspace\lpc_board_nxp_lpcxpresso_1769\Debug\liblpc_board_nxp_lpcxpresso_1769.a(board.o)
                0x000014d0                OscRateIn
 .rodata.RTCOscRateIn
                0x000014d4        0x4 C:\Users\asus rog gl552vwdh71\Desktop\workspace\lpc_board_nxp_lpcxpresso_1769\Debug\liblpc_board_nxp_lpcxpresso_1769.a(board.o)
                0x000014d4                RTCOscRateIn
 .rodata.pinmuxing
                0x000014d8       0x5c C:\Users\asus rog gl552vwdh71\Desktop\workspace\lpc_board_nxp_lpcxpresso_1769\Debug\liblpc_board_nxp_lpcxpresso_1769.a(board_sysinit.o)
                0x00001534                . = ALIGN (0x4)

.glue_7         0x00001534        0x0
 .glue_7        0x00001534        0x0 linker stubs

.glue_7t        0x00001534        0x0
 .glue_7t       0x00001534        0x0 linker stubs

.vfp11_veneer   0x00001534        0x0
 .vfp11_veneer  0x00001534        0x0 linker stubs

.v4_bx          0x00001534        0x0
 .v4_bx         0x00001534        0x0 linker stubs

.iplt           0x00001534        0x0
 .iplt          0x00001534        0x0 ./src/ADCMSIS.o

.rel.dyn        0x00001534        0x0
 .rel.iplt      0x00001534        0x0 ./src/ADCMSIS.o

.ARM.extab
 *(.ARM.extab* .gnu.linkonce.armextab.*)

.ARM.exidx      0x00001534        0x0
                0x00001534                __exidx_start = .
 *(.ARM.exidx* .gnu.linkonce.armexidx.*)
                0x00001534                __exidx_end = .
                0x00001534                _etext = .

.data_RAM2      0x2007c000        0x0 load address 0x00001534
 FILL mask 0xff
                [!provide]                PROVIDE (__start_data_RAM2 = .)
                [!provide]                PROVIDE (__start_data_RamAHB32 = .)
 *(.ramfunc.$RAM2)
 *(.ramfunc.$RamAHB32)
 *(.data.$RAM2)
 *(.data.$RamAHB32)
 *(.data.$RAM2.*)
 *(.data.$RamAHB32.*)
                0x2007c000                . = ALIGN (0x4)
                [!provide]                PROVIDE (__end_data_RAM2 = .)
                [!provide]                PROVIDE (__end_data_RamAHB32 = .)

.uninit_RESERVED
                0x10000000        0x0
                0x10000000                _start_uninit_RESERVED = .
 *(.bss.$RESERVED*)
                0x10000000                . = ALIGN (0x4)
                0x10000000                _end_uninit_RESERVED = .

.data           0x10000000        0x4 load address 0x00001534
 FILL mask 0xff
                0x10000000                _data = .
                [!provide]                PROVIDE (__start_data_RAM = .)
                [!provide]                PROVIDE (__start_data_RamLoc32 = .)
 *(vtable)
 *(.ramfunc*)
 *(CodeQuickAccess)
 *(DataQuickAccess)
 *(RamFunction)
 *(.data*)
 .data.state    0x10000000        0x4 ./src/ADCMSIS.o
                0x10000000                state
                0x10000004                . = ALIGN (0x4)
                0x10000004                _edata = .
                [!provide]                PROVIDE (__end_data_RAM = .)
                [!provide]                PROVIDE (__end_data_RamLoc32 = .)

.igot.plt       0x10000004        0x0 load address 0x00001538
 .igot.plt      0x10000004        0x0 ./src/ADCMSIS.o

.bss_RAM2       0x2007c000        0x0
                [!provide]                PROVIDE (__start_bss_RAM2 = .)
                [!provide]                PROVIDE (__start_bss_RamAHB32 = .)
 *(.bss.$RAM2)
 *(.bss.$RamAHB32)
 *(.bss.$RAM2.*)
 *(.bss.$RamAHB32.*)
                0x2007c000                . = ALIGN ((. != 0x0)?0x4:0x1)
                [!provide]                PROVIDE (__end_bss_RAM2 = .)
                [!provide]                PROVIDE (__end_bss_RamAHB32 = .)

.bss            0x10000004      0xdd8
                0x10000004                _bss = .
                [!provide]                PROVIDE (__start_bss_RAM = .)
                [!provide]                PROVIDE (__start_bss_RamLoc32 = .)
 *(.bss*)
 .bss.SLP       0x10000004        0xc ./src/ADCMSIS.o
                0x10000004                SLP
 .bss.SBIQUAD1  0x10000010       0x10 ./src/ADCMSIS.o
                0x10000010                SBIQUAD1
 .bss.lowpass_state
                0x10000020      0x2c0 ./src/ADCMSIS.o
                0x10000020                lowpass_state
 .bss.biquad1_state
                0x100002e0      0x210 ./src/ADCMSIS.o
                0x100002e0                biquad1_state
 .bss.InputA    0x100004f0      0x200 ./src/ADCMSIS.o
                0x100004f0                InputA
 .bss.InputB    0x100006f0      0x200 ./src/ADCMSIS.o
                0x100006f0                InputB
 .bss.OutputA   0x100008f0      0x200 ./src/ADCMSIS.o
                0x100008f0                OutputA
 .bss.OutputB   0x10000af0      0x200 ./src/ADCMSIS.o
                0x10000af0                OutputB
 .bss.i         0x10000cf0        0x4 ./src/ADCMSIS.o
                0x10000cf0                i
 .bss.procesar  0x10000cf4        0x1 ./src/adc.o
                0x10000cf4                procesar
 .bss.estado    0x10000cf5        0x1 ./src/adc.o
                0x10000cf5                estado
 .bss.estado_OUT
                0x10000cf6        0x1 ./src/adc.o
                0x10000cf6                estado_OUT
 *fill*         0x10000cf7        0x1 
 .bss.data.2    0x10000cf8        0x2 ./src/adc.o
 .bss.index.1   0x10000cfa        0x2 ./src/adc.o
 .bss.indexOUT.0
                0x10000cfc        0x2 ./src/adc.o
 *fill*         0x10000cfe        0x2 
 .bss.lowpass_taps
                0x10000d00       0xc4 ./src/filter.o
                0x10000d00                lowpass_taps
 .bss.biquad1_taps
                0x10000dc4       0x14 ./src/filter.o
                0x10000dc4                biquad1_taps
 .bss.SystemCoreClock
                0x10000dd8        0x4 C:\Users\asus rog gl552vwdh71\Desktop\workspace\lpc_chip_175x_6x\Debug\liblpc_chip_175x_6x.a(chip_17xx_40xx.o)
                0x10000dd8                SystemCoreClock
 *(COMMON)
                0x10000ddc                . = ALIGN (0x4)
                0x10000ddc                _ebss = .
                [!provide]                PROVIDE (__end_bss_RAM = .)
                [!provide]                PROVIDE (__end_bss_RamLoc32 = .)
                [!provide]                PROVIDE (end = .)

.noinit_RAM2    0x2007c000        0x0
                [!provide]                PROVIDE (__start_noinit_RAM2 = .)
                [!provide]                PROVIDE (__start_noinit_RamAHB32 = .)
 *(.noinit.$RAM2)
 *(.noinit.$RamAHB32)
 *(.noinit.$RAM2.*)
 *(.noinit.$RamAHB32.*)
                0x2007c000                . = ALIGN (0x4)
                [!provide]                PROVIDE (__end_noinit_RAM2 = .)
                [!provide]                PROVIDE (__end_noinit_RamAHB32 = .)

.noinit         0x10000ddc        0x0
                0x10000ddc                _noinit = .
                [!provide]                PROVIDE (__start_noinit_RAM = .)
                [!provide]                PROVIDE (__start_noinit_RamLoc32 = .)
 *(.noinit*)
                0x10000ddc                . = ALIGN (0x4)
                0x10000ddc                _end_noinit = .
                [!provide]                PROVIDE (__end_noinit_RAM = .)
                [!provide]                PROVIDE (__end_noinit_RamLoc32 = .)
                [!provide]                PROVIDE (_pvHeapStart = DEFINED (__user_heap_base)?__user_heap_base:.)
                0x10008000                PROVIDE (_vStackTop = DEFINED (__user_stack_top)?__user_stack_top:(__top_RamLoc32 - 0x0))
                0xefff74c6                PROVIDE (__valid_user_code_checksum = (0x0 - ((((((_vStackTop + (ResetISR + 0x1)) + (NMI_Handler + 0x1)) + (HardFault_Handler + 0x1)) + (DEFINED (MemManage_Handler)?MemManage_Handler:0x0 + 0x1)) + (DEFINED (BusFault_Handler)?BusFault_Handler:0x0 + 0x1)) + (DEFINED (UsageFault_Handler)?UsageFault_Handler:0x0 + 0x1))))
                0x00000000                _image_start = LOADADDR (.text)
                0x00001538                _image_end = (LOADADDR (.data) + SIZEOF (.data))
                0x00001538                _image_size = (_image_end - _image_start)
OUTPUT(ADCMSIS.axf elf32-littlearm)
LOAD linker stubs

.debug_info     0x00000000     0x5d79
 .debug_info    0x00000000      0x348 ./src/ADCMSIS.o
 .debug_info    0x00000348      0x636 ./src/adc.o
 .debug_info    0x0000097e      0x282 ./src/cr_startup_lpc175x_6x.o
 .debug_info    0x00000c00       0x40 ./src/crp.o
 .debug_info    0x00000c40      0x108 ./src/dac.o
 .debug_info    0x00000d48       0x97 ./src/filter.o
 .debug_info    0x00000ddf       0xbb ./src/sysinit.o
 .debug_info    0x00000e9a     0x14de C:\Users\asus rog gl552vwdh71\Desktop\workspace\lpc_board_nxp_lpcxpresso_1769\Debug\liblpc_board_nxp_lpcxpresso_1769.a(board.o)
 .debug_info    0x00002378      0x594 C:\Users\asus rog gl552vwdh71\Desktop\workspace\lpc_board_nxp_lpcxpresso_1769\Debug\liblpc_board_nxp_lpcxpresso_1769.a(board_sysinit.o)
 .debug_info    0x0000290c      0x8b5 C:\Users\asus rog gl552vwdh71\Desktop\workspace\lpc_chip_175x_6x\Debug\liblpc_chip_175x_6x.a(adc_17xx_40xx.o)
 .debug_info    0x000031c1      0x51e C:\Users\asus rog gl552vwdh71\Desktop\workspace\lpc_chip_175x_6x\Debug\liblpc_chip_175x_6x.a(chip_17xx_40xx.o)
 .debug_info    0x000036df      0xbc8 C:\Users\asus rog gl552vwdh71\Desktop\workspace\lpc_chip_175x_6x\Debug\liblpc_chip_175x_6x.a(clock_17xx_40xx.o)
 .debug_info    0x000042a7      0x1b1 C:\Users\asus rog gl552vwdh71\Desktop\workspace\lpc_chip_175x_6x\Debug\liblpc_chip_175x_6x.a(dac_17xx_40xx.o)
 .debug_info    0x00004458      0x2c8 C:\Users\asus rog gl552vwdh71\Desktop\workspace\lpc_chip_175x_6x\Debug\liblpc_chip_175x_6x.a(iocon_17xx_40xx.o)
 .debug_info    0x00004720      0x431 C:\Users\asus rog gl552vwdh71\Desktop\workspace\lpc_chip_175x_6x\Debug\liblpc_chip_175x_6x.a(sysinit_17xx_40xx.o)
 .debug_info    0x00004b51      0xf5c C:\Users\asus rog gl552vwdh71\Desktop\workspace\lpc_chip_175x_6x\Debug\liblpc_chip_175x_6x.a(uart_17xx_40xx.o)
 .debug_info    0x00005aad      0x173 C:\Users\asus rog gl552vwdh71\Desktop\workspace\CMSIS_DSPLIB_CM3\lib\libCMSIS_DSPLIB_CM3.a(arm_biquad_cascade_df1_init_q31.o)
 .debug_info    0x00005c20      0x159 C:\Users\asus rog gl552vwdh71\Desktop\workspace\CMSIS_DSPLIB_CM3\lib\libCMSIS_DSPLIB_CM3.a(arm_fir_init_q31.o)

.debug_abbrev   0x00000000     0x193f
 .debug_abbrev  0x00000000       0xfc ./src/ADCMSIS.o
 .debug_abbrev  0x000000fc      0x1ae ./src/adc.o
 .debug_abbrev  0x000002aa      0x135 ./src/cr_startup_lpc175x_6x.o
 .debug_abbrev  0x000003df       0x38 ./src/crp.o
 .debug_abbrev  0x00000417       0xbb ./src/dac.o
 .debug_abbrev  0x000004d2       0x64 ./src/filter.o
 .debug_abbrev  0x00000536       0x7b ./src/sysinit.o
 .debug_abbrev  0x000005b1      0x3f0 C:\Users\asus rog gl552vwdh71\Desktop\workspace\lpc_board_nxp_lpcxpresso_1769\Debug\liblpc_board_nxp_lpcxpresso_1769.a(board.o)
 .debug_abbrev  0x000009a1      0x156 C:\Users\asus rog gl552vwdh71\Desktop\workspace\lpc_board_nxp_lpcxpresso_1769\Debug\liblpc_board_nxp_lpcxpresso_1769.a(board_sysinit.o)
 .debug_abbrev  0x00000af7      0x1c0 C:\Users\asus rog gl552vwdh71\Desktop\workspace\lpc_chip_175x_6x\Debug\liblpc_chip_175x_6x.a(adc_17xx_40xx.o)
 .debug_abbrev  0x00000cb7      0x145 C:\Users\asus rog gl552vwdh71\Desktop\workspace\lpc_chip_175x_6x\Debug\liblpc_chip_175x_6x.a(chip_17xx_40xx.o)
 .debug_abbrev  0x00000dfc      0x325 C:\Users\asus rog gl552vwdh71\Desktop\workspace\lpc_chip_175x_6x\Debug\liblpc_chip_175x_6x.a(clock_17xx_40xx.o)
 .debug_abbrev  0x00001121       0xf3 C:\Users\asus rog gl552vwdh71\Desktop\workspace\lpc_chip_175x_6x\Debug\liblpc_chip_175x_6x.a(dac_17xx_40xx.o)
 .debug_abbrev  0x00001214      0x132 C:\Users\asus rog gl552vwdh71\Desktop\workspace\lpc_chip_175x_6x\Debug\liblpc_chip_175x_6x.a(iocon_17xx_40xx.o)
 .debug_abbrev  0x00001346      0x175 C:\Users\asus rog gl552vwdh71\Desktop\workspace\lpc_chip_175x_6x\Debug\liblpc_chip_175x_6x.a(sysinit_17xx_40xx.o)
 .debug_abbrev  0x000014bb      0x322 C:\Users\asus rog gl552vwdh71\Desktop\workspace\lpc_chip_175x_6x\Debug\liblpc_chip_175x_6x.a(uart_17xx_40xx.o)
 .debug_abbrev  0x000017dd       0xb1 C:\Users\asus rog gl552vwdh71\Desktop\workspace\CMSIS_DSPLIB_CM3\lib\libCMSIS_DSPLIB_CM3.a(arm_biquad_cascade_df1_init_q31.o)
 .debug_abbrev  0x0000188e       0xb1 C:\Users\asus rog gl552vwdh71\Desktop\workspace\CMSIS_DSPLIB_CM3\lib\libCMSIS_DSPLIB_CM3.a(arm_fir_init_q31.o)

.debug_aranges  0x00000000      0x6f0
 .debug_aranges
                0x00000000       0x20 ./src/ADCMSIS.o
 .debug_aranges
                0x00000020       0x30 ./src/adc.o
 .debug_aranges
                0x00000050       0x80 ./src/cr_startup_lpc175x_6x.o
 .debug_aranges
                0x000000d0       0x18 ./src/crp.o
 .debug_aranges
                0x000000e8       0x28 ./src/dac.o
 .debug_aranges
                0x00000110       0x18 ./src/filter.o
 .debug_aranges
                0x00000128       0x20 ./src/sysinit.o
 .debug_aranges
                0x00000148      0x160 C:\Users\asus rog gl552vwdh71\Desktop\workspace\lpc_board_nxp_lpcxpresso_1769\Debug\liblpc_board_nxp_lpcxpresso_1769.a(board.o)
 .debug_aranges
                0x000002a8       0x38 C:\Users\asus rog gl552vwdh71\Desktop\workspace\lpc_board_nxp_lpcxpresso_1769\Debug\liblpc_board_nxp_lpcxpresso_1769.a(board_sysinit.o)
 .debug_aranges
                0x000002e0       0x88 C:\Users\asus rog gl552vwdh71\Desktop\workspace\lpc_chip_175x_6x\Debug\liblpc_chip_175x_6x.a(adc_17xx_40xx.o)
 .debug_aranges
                0x00000368       0x38 C:\Users\asus rog gl552vwdh71\Desktop\workspace\lpc_chip_175x_6x\Debug\liblpc_chip_175x_6x.a(chip_17xx_40xx.o)
 .debug_aranges
                0x000003a0      0x120 C:\Users\asus rog gl552vwdh71\Desktop\workspace\lpc_chip_175x_6x\Debug\liblpc_chip_175x_6x.a(clock_17xx_40xx.o)
 .debug_aranges
                0x000004c0       0x38 C:\Users\asus rog gl552vwdh71\Desktop\workspace\lpc_chip_175x_6x\Debug\liblpc_chip_175x_6x.a(dac_17xx_40xx.o)
 .debug_aranges
                0x000004f8       0x30 C:\Users\asus rog gl552vwdh71\Desktop\workspace\lpc_chip_175x_6x\Debug\liblpc_chip_175x_6x.a(iocon_17xx_40xx.o)
 .debug_aranges
                0x00000528       0x60 C:\Users\asus rog gl552vwdh71\Desktop\workspace\lpc_chip_175x_6x\Debug\liblpc_chip_175x_6x.a(sysinit_17xx_40xx.o)
 .debug_aranges
                0x00000588      0x128 C:\Users\asus rog gl552vwdh71\Desktop\workspace\lpc_chip_175x_6x\Debug\liblpc_chip_175x_6x.a(uart_17xx_40xx.o)
 .debug_aranges
                0x000006b0       0x20 C:\Users\asus rog gl552vwdh71\Desktop\workspace\CMSIS_DSPLIB_CM3\lib\libCMSIS_DSPLIB_CM3.a(arm_biquad_cascade_df1_init_q31.o)
 .debug_aranges
                0x000006d0       0x20 C:\Users\asus rog gl552vwdh71\Desktop\workspace\CMSIS_DSPLIB_CM3\lib\libCMSIS_DSPLIB_CM3.a(arm_fir_init_q31.o)

.debug_ranges   0x00000000      0x5c0
 .debug_ranges  0x00000000       0x10 ./src/ADCMSIS.o
 .debug_ranges  0x00000010       0x20 ./src/adc.o
 .debug_ranges  0x00000030       0x70 ./src/cr_startup_lpc175x_6x.o
 .debug_ranges  0x000000a0       0x18 ./src/dac.o
 .debug_ranges  0x000000b8       0x10 ./src/sysinit.o
 .debug_ranges  0x000000c8      0x150 C:\Users\asus rog gl552vwdh71\Desktop\workspace\lpc_board_nxp_lpcxpresso_1769\Debug\liblpc_board_nxp_lpcxpresso_1769.a(board.o)
 .debug_ranges  0x00000218       0x28 C:\Users\asus rog gl552vwdh71\Desktop\workspace\lpc_board_nxp_lpcxpresso_1769\Debug\liblpc_board_nxp_lpcxpresso_1769.a(board_sysinit.o)
 .debug_ranges  0x00000240       0x78 C:\Users\asus rog gl552vwdh71\Desktop\workspace\lpc_chip_175x_6x\Debug\liblpc_chip_175x_6x.a(adc_17xx_40xx.o)
 .debug_ranges  0x000002b8       0x28 C:\Users\asus rog gl552vwdh71\Desktop\workspace\lpc_chip_175x_6x\Debug\liblpc_chip_175x_6x.a(chip_17xx_40xx.o)
 .debug_ranges  0x000002e0      0x110 C:\Users\asus rog gl552vwdh71\Desktop\workspace\lpc_chip_175x_6x\Debug\liblpc_chip_175x_6x.a(clock_17xx_40xx.o)
 .debug_ranges  0x000003f0       0x28 C:\Users\asus rog gl552vwdh71\Desktop\workspace\lpc_chip_175x_6x\Debug\liblpc_chip_175x_6x.a(dac_17xx_40xx.o)
 .debug_ranges  0x00000418       0x20 C:\Users\asus rog gl552vwdh71\Desktop\workspace\lpc_chip_175x_6x\Debug\liblpc_chip_175x_6x.a(iocon_17xx_40xx.o)
 .debug_ranges  0x00000438       0x50 C:\Users\asus rog gl552vwdh71\Desktop\workspace\lpc_chip_175x_6x\Debug\liblpc_chip_175x_6x.a(sysinit_17xx_40xx.o)
 .debug_ranges  0x00000488      0x118 C:\Users\asus rog gl552vwdh71\Desktop\workspace\lpc_chip_175x_6x\Debug\liblpc_chip_175x_6x.a(uart_17xx_40xx.o)
 .debug_ranges  0x000005a0       0x10 C:\Users\asus rog gl552vwdh71\Desktop\workspace\CMSIS_DSPLIB_CM3\lib\libCMSIS_DSPLIB_CM3.a(arm_biquad_cascade_df1_init_q31.o)
 .debug_ranges  0x000005b0       0x10 C:\Users\asus rog gl552vwdh71\Desktop\workspace\CMSIS_DSPLIB_CM3\lib\libCMSIS_DSPLIB_CM3.a(arm_fir_init_q31.o)

.debug_macro    0x00000000     0x618f
 .debug_macro   0x00000000      0x282 ./src/ADCMSIS.o
 .debug_macro   0x00000282      0xa8a ./src/ADCMSIS.o
 .debug_macro   0x00000d0c       0x1c ./src/ADCMSIS.o
 .debug_macro   0x00000d28       0x10 ./src/ADCMSIS.o
 .debug_macro   0x00000d38      0x12e ./src/ADCMSIS.o
 .debug_macro   0x00000e66      0x5b3 ./src/ADCMSIS.o
 .debug_macro   0x00001419       0x22 ./src/ADCMSIS.o
 .debug_macro   0x0000143b       0x7b ./src/ADCMSIS.o
 .debug_macro   0x000014b6       0x10 ./src/ADCMSIS.o
 .debug_macro   0x000014c6       0x2d ./src/ADCMSIS.o
 .debug_macro   0x000014f3       0x3a ./src/ADCMSIS.o
 .debug_macro   0x0000152d       0x2d ./src/ADCMSIS.o
 .debug_macro   0x0000155a      0xbb1 ./src/ADCMSIS.o
 .debug_macro   0x0000210b      0x22c ./src/ADCMSIS.o
 .debug_macro   0x00002337       0x42 ./src/ADCMSIS.o
 .debug_macro   0x00002379       0x52 ./src/ADCMSIS.o
 .debug_macro   0x000023cb       0x78 ./src/ADCMSIS.o
 .debug_macro   0x00002443       0x82 ./src/ADCMSIS.o
 .debug_macro   0x000024c5      0x48c ./src/ADCMSIS.o
 .debug_macro   0x00002951       0x34 ./src/ADCMSIS.o
 .debug_macro   0x00002985      0x4c5 ./src/ADCMSIS.o
 .debug_macro   0x00002e4a      0x1b7 ./src/ADCMSIS.o
 .debug_macro   0x00003001       0x10 ./src/ADCMSIS.o
 .debug_macro   0x00003011      0x21b ./src/ADCMSIS.o
 .debug_macro   0x0000322c      0x1b9 ./src/ADCMSIS.o
 .debug_macro   0x000033e5       0x40 ./src/ADCMSIS.o
 .debug_macro   0x00003425       0x22 ./src/ADCMSIS.o
 .debug_macro   0x00003447      0x162 ./src/ADCMSIS.o
 .debug_macro   0x000035a9       0x94 ./src/ADCMSIS.o
 .debug_macro   0x0000363d       0xb8 ./src/ADCMSIS.o
 .debug_macro   0x000036f5       0x4c ./src/ADCMSIS.o
 .debug_macro   0x00003741       0x16 ./src/ADCMSIS.o
 .debug_macro   0x00003757      0x328 ./src/ADCMSIS.o
 .debug_macro   0x00003a7f       0x49 ./src/ADCMSIS.o
 .debug_macro   0x00003ac8       0x16 ./src/ADCMSIS.o
 .debug_macro   0x00003ade       0xca ./src/ADCMSIS.o
 .debug_macro   0x00003ba8       0x18 ./src/ADCMSIS.o
 .debug_macro   0x00003bc0       0x70 ./src/ADCMSIS.o
 .debug_macro   0x00003c30       0x9a ./src/ADCMSIS.o
 .debug_macro   0x00003cca       0x20 ./src/ADCMSIS.o
 .debug_macro   0x00003cea       0x28 ./src/ADCMSIS.o
 .debug_macro   0x00003d12       0x10 ./src/ADCMSIS.o
 .debug_macro   0x00003d22       0x12 ./src/ADCMSIS.o
 .debug_macro   0x00003d34       0xc4 ./src/ADCMSIS.o
 .debug_macro   0x00003df8       0xb3 ./src/ADCMSIS.o
 .debug_macro   0x00003eab      0x26c ./src/adc.o
 .debug_macro   0x00004117       0x1d ./src/cr_startup_lpc175x_6x.o
 .debug_macro   0x00004134       0x1a ./src/crp.o
 .debug_macro   0x0000414e       0x34 ./src/crp.o
 .debug_macro   0x00004182      0x217 ./src/dac.o
 .debug_macro   0x00004399       0x1a ./src/filter.o
 .debug_macro   0x000043b3      0x217 ./src/sysinit.o
 .debug_macro   0x000045ca      0x289 C:\Users\asus rog gl552vwdh71\Desktop\workspace\lpc_board_nxp_lpcxpresso_1769\Debug\liblpc_board_nxp_lpcxpresso_1769.a(board.o)
 .debug_macro   0x00004853      0xa78 C:\Users\asus rog gl552vwdh71\Desktop\workspace\lpc_board_nxp_lpcxpresso_1769\Debug\liblpc_board_nxp_lpcxpresso_1769.a(board.o)
 .debug_macro   0x000052cb       0x12 C:\Users\asus rog gl552vwdh71\Desktop\workspace\lpc_board_nxp_lpcxpresso_1769\Debug\liblpc_board_nxp_lpcxpresso_1769.a(board.o)
 .debug_macro   0x000052dd      0x217 C:\Users\asus rog gl552vwdh71\Desktop\workspace\lpc_board_nxp_lpcxpresso_1769\Debug\liblpc_board_nxp_lpcxpresso_1769.a(board_sysinit.o)
 .debug_macro   0x000054f4      0x1cd C:\Users\asus rog gl552vwdh71\Desktop\workspace\lpc_chip_175x_6x\Debug\liblpc_chip_175x_6x.a(adc_17xx_40xx.o)
 .debug_macro   0x000056c1      0x1cd C:\Users\asus rog gl552vwdh71\Desktop\workspace\lpc_chip_175x_6x\Debug\liblpc_chip_175x_6x.a(chip_17xx_40xx.o)
 .debug_macro   0x0000588e      0x1cd C:\Users\asus rog gl552vwdh71\Desktop\workspace\lpc_chip_175x_6x\Debug\liblpc_chip_175x_6x.a(clock_17xx_40xx.o)
 .debug_macro   0x00005a5b      0x1cd C:\Users\asus rog gl552vwdh71\Desktop\workspace\lpc_chip_175x_6x\Debug\liblpc_chip_175x_6x.a(dac_17xx_40xx.o)
 .debug_macro   0x00005c28      0x1cd C:\Users\asus rog gl552vwdh71\Desktop\workspace\lpc_chip_175x_6x\Debug\liblpc_chip_175x_6x.a(iocon_17xx_40xx.o)
 .debug_macro   0x00005df5      0x1cd C:\Users\asus rog gl552vwdh71\Desktop\workspace\lpc_chip_175x_6x\Debug\liblpc_chip_175x_6x.a(sysinit_17xx_40xx.o)
 .debug_macro   0x00005fc2      0x1cd C:\Users\asus rog gl552vwdh71\Desktop\workspace\lpc_chip_175x_6x\Debug\liblpc_chip_175x_6x.a(uart_17xx_40xx.o)

.debug_line     0x00000000     0x60c9
 .debug_line    0x00000000      0x671 ./src/ADCMSIS.o
 .debug_line    0x00000671      0x6ae ./src/adc.o
 .debug_line    0x00000d1f      0x160 ./src/cr_startup_lpc175x_6x.o
 .debug_line    0x00000e7f       0xb1 ./src/crp.o
 .debug_line    0x00000f30      0x50a ./src/dac.o
 .debug_line    0x0000143a       0x78 ./src/filter.o
 .debug_line    0x000014b2      0x504 ./src/sysinit.o
 .debug_line    0x000019b6      0xa86 C:\Users\asus rog gl552vwdh71\Desktop\workspace\lpc_board_nxp_lpcxpresso_1769\Debug\liblpc_board_nxp_lpcxpresso_1769.a(board.o)
 .debug_line    0x0000243c      0x55d C:\Users\asus rog gl552vwdh71\Desktop\workspace\lpc_board_nxp_lpcxpresso_1769\Debug\liblpc_board_nxp_lpcxpresso_1769.a(board_sysinit.o)
 .debug_line    0x00002999      0x6b1 C:\Users\asus rog gl552vwdh71\Desktop\workspace\lpc_chip_175x_6x\Debug\liblpc_chip_175x_6x.a(adc_17xx_40xx.o)
 .debug_line    0x0000304a      0x514 C:\Users\asus rog gl552vwdh71\Desktop\workspace\lpc_chip_175x_6x\Debug\liblpc_chip_175x_6x.a(chip_17xx_40xx.o)
 .debug_line    0x0000355e      0x97b C:\Users\asus rog gl552vwdh71\Desktop\workspace\lpc_chip_175x_6x\Debug\liblpc_chip_175x_6x.a(clock_17xx_40xx.o)
 .debug_line    0x00003ed9      0x4cf C:\Users\asus rog gl552vwdh71\Desktop\workspace\lpc_chip_175x_6x\Debug\liblpc_chip_175x_6x.a(dac_17xx_40xx.o)
 .debug_line    0x000043a8      0x530 C:\Users\asus rog gl552vwdh71\Desktop\workspace\lpc_chip_175x_6x\Debug\liblpc_chip_175x_6x.a(iocon_17xx_40xx.o)
 .debug_line    0x000048d8      0x5ed C:\Users\asus rog gl552vwdh71\Desktop\workspace\lpc_chip_175x_6x\Debug\liblpc_chip_175x_6x.a(sysinit_17xx_40xx.o)
 .debug_line    0x00004ec5      0xa56 C:\Users\asus rog gl552vwdh71\Desktop\workspace\lpc_chip_175x_6x\Debug\liblpc_chip_175x_6x.a(uart_17xx_40xx.o)
 .debug_line    0x0000591b      0x3e2 C:\Users\asus rog gl552vwdh71\Desktop\workspace\CMSIS_DSPLIB_CM3\lib\libCMSIS_DSPLIB_CM3.a(arm_biquad_cascade_df1_init_q31.o)
 .debug_line    0x00005cfd      0x3cc C:\Users\asus rog gl552vwdh71\Desktop\workspace\CMSIS_DSPLIB_CM3\lib\libCMSIS_DSPLIB_CM3.a(arm_fir_init_q31.o)

.debug_str      0x00000000    0x1474b
 .debug_str     0x00000000    0x11df4 ./src/ADCMSIS.o
                              0x11ee5 (size before relaxing)
 .debug_str     0x00011df4      0x39e ./src/adc.o
                              0x121cb (size before relaxing)
 .debug_str     0x00012192      0x1c2 ./src/cr_startup_lpc175x_6x.o
                               0x2ed2 (size before relaxing)
 .debug_str     0x00012354       0xe9 ./src/crp.o
                               0x2df3 (size before relaxing)
 .debug_str     0x0001243d       0x2f ./src/dac.o
                              0x111bf (size before relaxing)
 .debug_str     0x0001246c       0x10 ./src/filter.o
                               0x2d7b (size before relaxing)
 .debug_str     0x0001247c       0x1b ./src/sysinit.o
                              0x111b5 (size before relaxing)
 .debug_str     0x00012497      0xdc5 C:\Users\asus rog gl552vwdh71\Desktop\workspace\lpc_board_nxp_lpcxpresso_1769\Debug\liblpc_board_nxp_lpcxpresso_1769.a(board.o)
                              0x1207b (size before relaxing)
 .debug_str     0x0001325c      0x22d C:\Users\asus rog gl552vwdh71\Desktop\workspace\lpc_board_nxp_lpcxpresso_1769\Debug\liblpc_board_nxp_lpcxpresso_1769.a(board_sysinit.o)
                              0x1159e (size before relaxing)
 .debug_str     0x00013489      0x561 C:\Users\asus rog gl552vwdh71\Desktop\workspace\lpc_chip_175x_6x\Debug\liblpc_chip_175x_6x.a(adc_17xx_40xx.o)
                              0x11539 (size before relaxing)
 .debug_str     0x000139ea       0x83 C:\Users\asus rog gl552vwdh71\Desktop\workspace\lpc_chip_175x_6x\Debug\liblpc_chip_175x_6x.a(chip_17xx_40xx.o)
                              0x11296 (size before relaxing)
 .debug_str     0x00013a6d      0x623 C:\Users\asus rog gl552vwdh71\Desktop\workspace\lpc_chip_175x_6x\Debug\liblpc_chip_175x_6x.a(clock_17xx_40xx.o)
                              0x1191b (size before relaxing)
 .debug_str     0x00014090       0xb6 C:\Users\asus rog gl552vwdh71\Desktop\workspace\lpc_chip_175x_6x\Debug\liblpc_chip_175x_6x.a(dac_17xx_40xx.o)
                              0x10d58 (size before relaxing)
 .debug_str     0x00014146       0x74 C:\Users\asus rog gl552vwdh71\Desktop\workspace\lpc_chip_175x_6x\Debug\liblpc_chip_175x_6x.a(iocon_17xx_40xx.o)
                              0x10d81 (size before relaxing)
 .debug_str     0x000141ba       0xc4 C:\Users\asus rog gl552vwdh71\Desktop\workspace\lpc_chip_175x_6x\Debug\liblpc_chip_175x_6x.a(sysinit_17xx_40xx.o)
                              0x10f69 (size before relaxing)
 .debug_str     0x0001427e      0x387 C:\Users\asus rog gl552vwdh71\Desktop\workspace\lpc_chip_175x_6x\Debug\liblpc_chip_175x_6x.a(uart_17xx_40xx.o)
                              0x117d9 (size before relaxing)
 .debug_str     0x00014605       0xf6 C:\Users\asus rog gl552vwdh71\Desktop\workspace\CMSIS_DSPLIB_CM3\lib\libCMSIS_DSPLIB_CM3.a(arm_biquad_cascade_df1_init_q31.o)
                                0x1db (size before relaxing)
 .debug_str     0x000146fb       0x50 C:\Users\asus rog gl552vwdh71\Desktop\workspace\CMSIS_DSPLIB_CM3\lib\libCMSIS_DSPLIB_CM3.a(arm_fir_init_q31.o)
                                0x1ad (size before relaxing)

.comment        0x00000000       0xb9
 .comment       0x00000000       0x49 ./src/ADCMSIS.o
                                 0x4a (size before relaxing)
 .comment       0x00000049       0x4a ./src/adc.o
 .comment       0x00000049       0x4a ./src/cr_startup_lpc175x_6x.o
 .comment       0x00000049       0x4a ./src/crp.o
 .comment       0x00000049       0x4a ./src/dac.o
 .comment       0x00000049       0x4a ./src/filter.o
 .comment       0x00000049       0x4a ./src/sysinit.o
 .comment       0x00000049       0x4a C:\Users\asus rog gl552vwdh71\Desktop\workspace\lpc_board_nxp_lpcxpresso_1769\Debug\liblpc_board_nxp_lpcxpresso_1769.a(board.o)
 .comment       0x00000049       0x4a C:\Users\asus rog gl552vwdh71\Desktop\workspace\lpc_board_nxp_lpcxpresso_1769\Debug\liblpc_board_nxp_lpcxpresso_1769.a(board_sysinit.o)
 .comment       0x00000049       0x4a C:\Users\asus rog gl552vwdh71\Desktop\workspace\lpc_chip_175x_6x\Debug\liblpc_chip_175x_6x.a(adc_17xx_40xx.o)
 .comment       0x00000049       0x4a C:\Users\asus rog gl552vwdh71\Desktop\workspace\lpc_chip_175x_6x\Debug\liblpc_chip_175x_6x.a(chip_17xx_40xx.o)
 .comment       0x00000049       0x4a C:\Users\asus rog gl552vwdh71\Desktop\workspace\lpc_chip_175x_6x\Debug\liblpc_chip_175x_6x.a(clock_17xx_40xx.o)
 .comment       0x00000049       0x4a C:\Users\asus rog gl552vwdh71\Desktop\workspace\lpc_chip_175x_6x\Debug\liblpc_chip_175x_6x.a(dac_17xx_40xx.o)
 .comment       0x00000049       0x4a C:\Users\asus rog gl552vwdh71\Desktop\workspace\lpc_chip_175x_6x\Debug\liblpc_chip_175x_6x.a(iocon_17xx_40xx.o)
 .comment       0x00000049       0x4a C:\Users\asus rog gl552vwdh71\Desktop\workspace\lpc_chip_175x_6x\Debug\liblpc_chip_175x_6x.a(sysinit_17xx_40xx.o)
 .comment       0x00000049       0x4a C:\Users\asus rog gl552vwdh71\Desktop\workspace\lpc_chip_175x_6x\Debug\liblpc_chip_175x_6x.a(uart_17xx_40xx.o)
 .comment       0x00000049       0x70 C:\Users\asus rog gl552vwdh71\Desktop\workspace\CMSIS_DSPLIB_CM3\lib\libCMSIS_DSPLIB_CM3.a(arm_biquad_cascade_df1_init_q31.o)
                                 0x71 (size before relaxing)
 .comment       0x000000b9       0x71 C:\Users\asus rog gl552vwdh71\Desktop\workspace\CMSIS_DSPLIB_CM3\lib\libCMSIS_DSPLIB_CM3.a(arm_fir_init_q31.o)
 .comment       0x000000b9       0x4a c:/nxp/mcuxpressoide_11.6.0_8187/ide/plugins/com.nxp.mcuxpresso.tools.win32_11.6.0.202112161359/tools/bin/../lib/gcc/arm-none-eabi/10.3.1/../../../../arm-none-eabi/lib/thumb/v7-m/nofp\libcr_c.a(memset.o)
 .comment       0x000000b9       0x4a c:/nxp/mcuxpressoide_11.6.0_8187/ide/plugins/com.nxp.mcuxpresso.tools.win32_11.6.0.202112161359/tools/bin/../lib/gcc/arm-none-eabi/10.3.1/../../../../arm-none-eabi/lib/thumb/v7-m/nofp\libcr_c.a(__weak__main.o)

.ARM.attributes
                0x00000000       0x2b
 .ARM.attributes
                0x00000000       0x2d ./src/ADCMSIS.o
 .ARM.attributes
                0x0000002d       0x2d ./src/adc.o
 .ARM.attributes
                0x0000005a       0x2d ./src/cr_startup_lpc175x_6x.o
 .ARM.attributes
                0x00000087       0x2d ./src/crp.o
 .ARM.attributes
                0x000000b4       0x2d ./src/dac.o
 .ARM.attributes
                0x000000e1       0x2d ./src/filter.o
 .ARM.attributes
                0x0000010e       0x2d ./src/sysinit.o
 .ARM.attributes
                0x0000013b       0x2d C:\Users\asus rog gl552vwdh71\Desktop\workspace\lpc_board_nxp_lpcxpresso_1769\Debug\liblpc_board_nxp_lpcxpresso_1769.a(board.o)
 .ARM.attributes
                0x00000168       0x2d C:\Users\asus rog gl552vwdh71\Desktop\workspace\lpc_board_nxp_lpcxpresso_1769\Debug\liblpc_board_nxp_lpcxpresso_1769.a(board_sysinit.o)
 .ARM.attributes
                0x00000195       0x2d C:\Users\asus rog gl552vwdh71\Desktop\workspace\lpc_chip_175x_6x\Debug\liblpc_chip_175x_6x.a(adc_17xx_40xx.o)
 .ARM.attributes
                0x000001c2       0x2d C:\Users\asus rog gl552vwdh71\Desktop\workspace\lpc_chip_175x_6x\Debug\liblpc_chip_175x_6x.a(chip_17xx_40xx.o)
 .ARM.attributes
                0x000001ef       0x2d C:\Users\asus rog gl552vwdh71\Desktop\workspace\lpc_chip_175x_6x\Debug\liblpc_chip_175x_6x.a(clock_17xx_40xx.o)
 .ARM.attributes
                0x0000021c       0x2d C:\Users\asus rog gl552vwdh71\Desktop\workspace\lpc_chip_175x_6x\Debug\liblpc_chip_175x_6x.a(dac_17xx_40xx.o)
 .ARM.attributes
                0x00000249       0x2d C:\Users\asus rog gl552vwdh71\Desktop\workspace\lpc_chip_175x_6x\Debug\liblpc_chip_175x_6x.a(iocon_17xx_40xx.o)
 .ARM.attributes
                0x00000276       0x2d C:\Users\asus rog gl552vwdh71\Desktop\workspace\lpc_chip_175x_6x\Debug\liblpc_chip_175x_6x.a(sysinit_17xx_40xx.o)
 .ARM.attributes
                0x000002a3       0x2d C:\Users\asus rog gl552vwdh71\Desktop\workspace\lpc_chip_175x_6x\Debug\liblpc_chip_175x_6x.a(uart_17xx_40xx.o)
 .ARM.attributes
                0x000002d0       0x33 C:\Users\asus rog gl552vwdh71\Desktop\workspace\CMSIS_DSPLIB_CM3\lib\libCMSIS_DSPLIB_CM3.a(arm_biquad_cascade_df1_init_q31.o)
 .ARM.attributes
                0x00000303       0x33 C:\Users\asus rog gl552vwdh71\Desktop\workspace\CMSIS_DSPLIB_CM3\lib\libCMSIS_DSPLIB_CM3.a(arm_fir_init_q31.o)
 .ARM.attributes
                0x00000336       0x2d c:/nxp/mcuxpressoide_11.6.0_8187/ide/plugins/com.nxp.mcuxpresso.tools.win32_11.6.0.202112161359/tools/bin/../lib/gcc/arm-none-eabi/10.3.1/../../../../arm-none-eabi/lib/thumb/v7-m/nofp\libcr_c.a(memset.o)
 .ARM.attributes
                0x00000363       0x2d c:/nxp/mcuxpressoide_11.6.0_8187/ide/plugins/com.nxp.mcuxpresso.tools.win32_11.6.0.202112161359/tools/bin/../lib/gcc/arm-none-eabi/10.3.1/../../../../arm-none-eabi/lib/thumb/v7-m/nofp\libcr_c.a(__weak__main.o)
 .ARM.attributes
                0x00000390       0x1b c:/nxp/mcuxpressoide_11.6.0_8187/ide/plugins/com.nxp.mcuxpresso.tools.win32_11.6.0.202112161359/tools/bin/../lib/gcc/arm-none-eabi/10.3.1/thumb/v7-m/nofp\libcr_eabihelpers.a(memcpy.o)

.debug_frame    0x00000000     0x1814
 .debug_frame   0x00000000       0x30 ./src/ADCMSIS.o
 .debug_frame   0x00000030       0x78 ./src/adc.o
 .debug_frame   0x000000a8      0x170 ./src/cr_startup_lpc175x_6x.o
 .debug_frame   0x00000218       0x50 ./src/dac.o
 .debug_frame   0x00000268       0x34 ./src/sysinit.o
 .debug_frame   0x0000029c      0x5d4 C:\Users\asus rog gl552vwdh71\Desktop\workspace\lpc_board_nxp_lpcxpresso_1769\Debug\liblpc_board_nxp_lpcxpresso_1769.a(board.o)
 .debug_frame   0x00000870       0x8c C:\Users\asus rog gl552vwdh71\Desktop\workspace\lpc_board_nxp_lpcxpresso_1769\Debug\liblpc_board_nxp_lpcxpresso_1769.a(board_sysinit.o)
 .debug_frame   0x000008fc      0x218 C:\Users\asus rog gl552vwdh71\Desktop\workspace\lpc_chip_175x_6x\Debug\liblpc_chip_175x_6x.a(adc_17xx_40xx.o)
 .debug_frame   0x00000b14       0x88 C:\Users\asus rog gl552vwdh71\Desktop\workspace\lpc_chip_175x_6x\Debug\liblpc_chip_175x_6x.a(chip_17xx_40xx.o)
 .debug_frame   0x00000b9c      0x490 C:\Users\asus rog gl552vwdh71\Desktop\workspace\lpc_chip_175x_6x\Debug\liblpc_chip_175x_6x.a(clock_17xx_40xx.o)
 .debug_frame   0x0000102c       0xac C:\Users\asus rog gl552vwdh71\Desktop\workspace\lpc_chip_175x_6x\Debug\liblpc_chip_175x_6x.a(dac_17xx_40xx.o)
 .debug_frame   0x000010d8       0x80 C:\Users\asus rog gl552vwdh71\Desktop\workspace\lpc_chip_175x_6x\Debug\liblpc_chip_175x_6x.a(iocon_17xx_40xx.o)
 .debug_frame   0x00001158      0x12c C:\Users\asus rog gl552vwdh71\Desktop\workspace\lpc_chip_175x_6x\Debug\liblpc_chip_175x_6x.a(sysinit_17xx_40xx.o)
 .debug_frame   0x00001284      0x538 C:\Users\asus rog gl552vwdh71\Desktop\workspace\lpc_chip_175x_6x\Debug\liblpc_chip_175x_6x.a(uart_17xx_40xx.o)
 .debug_frame   0x000017bc       0x2c C:\Users\asus rog gl552vwdh71\Desktop\workspace\CMSIS_DSPLIB_CM3\lib\libCMSIS_DSPLIB_CM3.a(arm_biquad_cascade_df1_init_q31.o)
 .debug_frame   0x000017e8       0x2c C:\Users\asus rog gl552vwdh71\Desktop\workspace\CMSIS_DSPLIB_CM3\lib\libCMSIS_DSPLIB_CM3.a(arm_fir_init_q31.o)

.debug_loc      0x00000000      0x128
 .debug_loc     0x00000000       0x8e C:\Users\asus rog gl552vwdh71\Desktop\workspace\CMSIS_DSPLIB_CM3\lib\libCMSIS_DSPLIB_CM3.a(arm_biquad_cascade_df1_init_q31.o)
 .debug_loc     0x0000008e       0x9a C:\Users\asus rog gl552vwdh71\Desktop\workspace\CMSIS_DSPLIB_CM3\lib\libCMSIS_DSPLIB_CM3.a(arm_fir_init_q31.o)

.debug_macinfo  0x00000000     0x94aa
 .debug_macinfo
                0x00000000     0x4a55 C:\Users\asus rog gl552vwdh71\Desktop\workspace\CMSIS_DSPLIB_CM3\lib\libCMSIS_DSPLIB_CM3.a(arm_biquad_cascade_df1_init_q31.o)
 .debug_macinfo
                0x00004a55     0x4a55 C:\Users\asus rog gl552vwdh71\Desktop\workspace\CMSIS_DSPLIB_CM3\lib\libCMSIS_DSPLIB_CM3.a(arm_fir_init_q31.o)

Cross Reference Table

Symbol                                            File
ADC_IRQHandler                                    ./src/adc.o
BOD_IRQHandler                                    ./src/cr_startup_lpc175x_6x.o
Board_Audio_Init                                  C:\Users\asus rog gl552vwdh71\Desktop\workspace\lpc_board_nxp_lpcxpresso_1769\Debug\liblpc_board_nxp_lpcxpresso_1769.a(board.o)
Board_Buttons_Init                                C:\Users\asus rog gl552vwdh71\Desktop\workspace\lpc_board_nxp_lpcxpresso_1769\Debug\liblpc_board_nxp_lpcxpresso_1769.a(board.o)
Board_Debug_Init                                  C:\Users\asus rog gl552vwdh71\Desktop\workspace\lpc_board_nxp_lpcxpresso_1769\Debug\liblpc_board_nxp_lpcxpresso_1769.a(board.o)
Board_ENET_GetMacADDR                             C:\Users\asus rog gl552vwdh71\Desktop\workspace\lpc_board_nxp_lpcxpresso_1769\Debug\liblpc_board_nxp_lpcxpresso_1769.a(board.o)
Board_I2C_Init                                    C:\Users\asus rog gl552vwdh71\Desktop\workspace\lpc_board_nxp_lpcxpresso_1769\Debug\liblpc_board_nxp_lpcxpresso_1769.a(board.o)
Board_Init                                        C:\Users\asus rog gl552vwdh71\Desktop\workspace\lpc_board_nxp_lpcxpresso_1769\Debug\liblpc_board_nxp_lpcxpresso_1769.a(board.o)
                                                  ./src/ADCMSIS.o
Board_Joystick_Init                               C:\Users\asus rog gl552vwdh71\Desktop\workspace\lpc_board_nxp_lpcxpresso_1769\Debug\liblpc_board_nxp_lpcxpresso_1769.a(board.o)
Board_LED_Set                                     C:\Users\asus rog gl552vwdh71\Desktop\workspace\lpc_board_nxp_lpcxpresso_1769\Debug\liblpc_board_nxp_lpcxpresso_1769.a(board.o)
                                                  ./src/ADCMSIS.o
Board_LED_Test                                    C:\Users\asus rog gl552vwdh71\Desktop\workspace\lpc_board_nxp_lpcxpresso_1769\Debug\liblpc_board_nxp_lpcxpresso_1769.a(board.o)
Board_LED_Toggle                                  C:\Users\asus rog gl552vwdh71\Desktop\workspace\lpc_board_nxp_lpcxpresso_1769\Debug\liblpc_board_nxp_lpcxpresso_1769.a(board.o)
Board_SPI_AssertSSEL                              C:\Users\asus rog gl552vwdh71\Desktop\workspace\lpc_board_nxp_lpcxpresso_1769\Debug\liblpc_board_nxp_lpcxpresso_1769.a(board.o)
Board_SPI_DeassertSSEL                            C:\Users\asus rog gl552vwdh71\Desktop\workspace\lpc_board_nxp_lpcxpresso_1769\Debug\liblpc_board_nxp_lpcxpresso_1769.a(board.o)
Board_SPI_Init                                    C:\Users\asus rog gl552vwdh71\Desktop\workspace\lpc_board_nxp_lpcxpresso_1769\Debug\liblpc_board_nxp_lpcxpresso_1769.a(board.o)
Board_SSP_Init                                    C:\Users\asus rog gl552vwdh71\Desktop\workspace\lpc_board_nxp_lpcxpresso_1769\Debug\liblpc_board_nxp_lpcxpresso_1769.a(board.o)
Board_SetupClocking                               C:\Users\asus rog gl552vwdh71\Desktop\workspace\lpc_board_nxp_lpcxpresso_1769\Debug\liblpc_board_nxp_lpcxpresso_1769.a(board_sysinit.o)
Board_SetupMuxing                                 C:\Users\asus rog gl552vwdh71\Desktop\workspace\lpc_board_nxp_lpcxpresso_1769\Debug\liblpc_board_nxp_lpcxpresso_1769.a(board_sysinit.o)
Board_SystemInit                                  C:\Users\asus rog gl552vwdh71\Desktop\workspace\lpc_board_nxp_lpcxpresso_1769\Debug\liblpc_board_nxp_lpcxpresso_1769.a(board_sysinit.o)
                                                  ./src/sysinit.o
Board_UARTGetChar                                 C:\Users\asus rog gl552vwdh71\Desktop\workspace\lpc_board_nxp_lpcxpresso_1769\Debug\liblpc_board_nxp_lpcxpresso_1769.a(board.o)
Board_UARTPutChar                                 C:\Users\asus rog gl552vwdh71\Desktop\workspace\lpc_board_nxp_lpcxpresso_1769\Debug\liblpc_board_nxp_lpcxpresso_1769.a(board.o)
Board_UARTPutSTR                                  C:\Users\asus rog gl552vwdh71\Desktop\workspace\lpc_board_nxp_lpcxpresso_1769\Debug\liblpc_board_nxp_lpcxpresso_1769.a(board.o)
Board_UART_Init                                   C:\Users\asus rog gl552vwdh71\Desktop\workspace\lpc_board_nxp_lpcxpresso_1769\Debug\liblpc_board_nxp_lpcxpresso_1769.a(board.o)
Board_USBD_Init                                   C:\Users\asus rog gl552vwdh71\Desktop\workspace\lpc_board_nxp_lpcxpresso_1769\Debug\liblpc_board_nxp_lpcxpresso_1769.a(board.o)
BusFault_Handler                                  ./src/cr_startup_lpc175x_6x.o
Buttons_GetStatus                                 C:\Users\asus rog gl552vwdh71\Desktop\workspace\lpc_board_nxp_lpcxpresso_1769\Debug\liblpc_board_nxp_lpcxpresso_1769.a(board.o)
CANActivity_IRQHandler                            ./src/cr_startup_lpc175x_6x.o
CAN_IRQHandler                                    ./src/cr_startup_lpc175x_6x.o
CRP_WORD                                          ./src/crp.o
Chip_ADC_DeInit                                   C:\Users\asus rog gl552vwdh71\Desktop\workspace\lpc_chip_175x_6x\Debug\liblpc_chip_175x_6x.a(adc_17xx_40xx.o)
Chip_ADC_EnableChannel                            C:\Users\asus rog gl552vwdh71\Desktop\workspace\lpc_chip_175x_6x\Debug\liblpc_chip_175x_6x.a(adc_17xx_40xx.o)
                                                  ./src/adc.o
Chip_ADC_Init                                     C:\Users\asus rog gl552vwdh71\Desktop\workspace\lpc_chip_175x_6x\Debug\liblpc_chip_175x_6x.a(adc_17xx_40xx.o)
                                                  ./src/adc.o
Chip_ADC_Int_SetChannelCmd                        C:\Users\asus rog gl552vwdh71\Desktop\workspace\lpc_chip_175x_6x\Debug\liblpc_chip_175x_6x.a(adc_17xx_40xx.o)
                                                  ./src/adc.o
Chip_ADC_ReadByte                                 C:\Users\asus rog gl552vwdh71\Desktop\workspace\lpc_chip_175x_6x\Debug\liblpc_chip_175x_6x.a(adc_17xx_40xx.o)
Chip_ADC_ReadStatus                               C:\Users\asus rog gl552vwdh71\Desktop\workspace\lpc_chip_175x_6x\Debug\liblpc_chip_175x_6x.a(adc_17xx_40xx.o)
Chip_ADC_ReadValue                                C:\Users\asus rog gl552vwdh71\Desktop\workspace\lpc_chip_175x_6x\Debug\liblpc_chip_175x_6x.a(adc_17xx_40xx.o)
                                                  ./src/adc.o
Chip_ADC_SetBurstCmd                              C:\Users\asus rog gl552vwdh71\Desktop\workspace\lpc_chip_175x_6x\Debug\liblpc_chip_175x_6x.a(adc_17xx_40xx.o)
                                                  ./src/adc.o
Chip_ADC_SetSampleRate                            C:\Users\asus rog gl552vwdh71\Desktop\workspace\lpc_chip_175x_6x\Debug\liblpc_chip_175x_6x.a(adc_17xx_40xx.o)
                                                  ./src/adc.o
Chip_ADC_SetStartMode                             C:\Users\asus rog gl552vwdh71\Desktop\workspace\lpc_chip_175x_6x\Debug\liblpc_chip_175x_6x.a(adc_17xx_40xx.o)
Chip_Clock_DisablePLL                             C:\Users\asus rog gl552vwdh71\Desktop\workspace\lpc_chip_175x_6x\Debug\liblpc_chip_175x_6x.a(clock_17xx_40xx.o)
                                                  C:\Users\asus rog gl552vwdh71\Desktop\workspace\lpc_chip_175x_6x\Debug\liblpc_chip_175x_6x.a(sysinit_17xx_40xx.o)
Chip_Clock_DisablePeriphClock                     C:\Users\asus rog gl552vwdh71\Desktop\workspace\lpc_chip_175x_6x\Debug\liblpc_chip_175x_6x.a(clock_17xx_40xx.o)
                                                  C:\Users\asus rog gl552vwdh71\Desktop\workspace\lpc_chip_175x_6x\Debug\liblpc_chip_175x_6x.a(uart_17xx_40xx.o)
                                                  C:\Users\asus rog gl552vwdh71\Desktop\workspace\lpc_chip_175x_6x\Debug\liblpc_chip_175x_6x.a(i2s_17xx_40xx.o)
                                                  C:\Users\asus rog gl552vwdh71\Desktop\workspace\lpc_chip_175x_6x\Debug\liblpc_chip_175x_6x.a(adc_17xx_40xx.o)
Chip_Clock_EnablePLL                              C:\Users\asus rog gl552vwdh71\Desktop\workspace\lpc_chip_175x_6x\Debug\liblpc_chip_175x_6x.a(clock_17xx_40xx.o)
                                                  C:\Users\asus rog gl552vwdh71\Desktop\workspace\lpc_chip_175x_6x\Debug\liblpc_chip_175x_6x.a(sysinit_17xx_40xx.o)
                                                  C:\Users\asus rog gl552vwdh71\Desktop\workspace\lpc_chip_175x_6x\Debug\liblpc_chip_175x_6x.a(chip_17xx_40xx.o)
Chip_Clock_EnablePeriphClock                      C:\Users\asus rog gl552vwdh71\Desktop\workspace\lpc_chip_175x_6x\Debug\liblpc_chip_175x_6x.a(clock_17xx_40xx.o)
                                                  C:\Users\asus rog gl552vwdh71\Desktop\workspace\lpc_chip_175x_6x\Debug\liblpc_chip_175x_6x.a(uart_17xx_40xx.o)
                                                  C:\Users\asus rog gl552vwdh71\Desktop\workspace\lpc_chip_175x_6x\Debug\liblpc_chip_175x_6x.a(i2s_17xx_40xx.o)
                                                  C:\Users\asus rog gl552vwdh71\Desktop\workspace\lpc_chip_175x_6x\Debug\liblpc_chip_175x_6x.a(chip_17xx_40xx.o)
                                                  C:\Users\asus rog gl552vwdh71\Desktop\workspace\lpc_chip_175x_6x\Debug\liblpc_chip_175x_6x.a(adc_17xx_40xx.o)
                                                  C:\Users\asus rog gl552vwdh71\Desktop\workspace\lpc_board_nxp_lpcxpresso_1769\Debug\liblpc_board_nxp_lpcxpresso_1769.a(board.o)
Chip_Clock_GetCPUClockDiv                         C:\Users\asus rog gl552vwdh71\Desktop\workspace\lpc_chip_175x_6x\Debug\liblpc_chip_175x_6x.a(clock_17xx_40xx.o)
Chip_Clock_GetCPUClockSource                      C:\Users\asus rog gl552vwdh71\Desktop\workspace\lpc_chip_175x_6x\Debug\liblpc_chip_175x_6x.a(clock_17xx_40xx.o)
Chip_Clock_GetMainClockRate                       C:\Users\asus rog gl552vwdh71\Desktop\workspace\lpc_chip_175x_6x\Debug\liblpc_chip_175x_6x.a(clock_17xx_40xx.o)
Chip_Clock_GetMainPLLOutClockRate                 C:\Users\asus rog gl552vwdh71\Desktop\workspace\lpc_chip_175x_6x\Debug\liblpc_chip_175x_6x.a(clock_17xx_40xx.o)
Chip_Clock_GetPCLKDiv                             C:\Users\asus rog gl552vwdh71\Desktop\workspace\lpc_chip_175x_6x\Debug\liblpc_chip_175x_6x.a(clock_17xx_40xx.o)
Chip_Clock_GetPeripheralClockRate                 C:\Users\asus rog gl552vwdh71\Desktop\workspace\lpc_chip_175x_6x\Debug\liblpc_chip_175x_6x.a(clock_17xx_40xx.o)
                                                  C:\Users\asus rog gl552vwdh71\Desktop\workspace\lpc_chip_175x_6x\Debug\liblpc_chip_175x_6x.a(uart_17xx_40xx.o)
                                                  C:\Users\asus rog gl552vwdh71\Desktop\workspace\lpc_chip_175x_6x\Debug\liblpc_chip_175x_6x.a(i2s_17xx_40xx.o)
                                                  C:\Users\asus rog gl552vwdh71\Desktop\workspace\lpc_chip_175x_6x\Debug\liblpc_chip_175x_6x.a(adc_17xx_40xx.o)
Chip_Clock_GetSYSCLKRate                          C:\Users\asus rog gl552vwdh71\Desktop\workspace\lpc_chip_175x_6x\Debug\liblpc_chip_175x_6x.a(clock_17xx_40xx.o)
Chip_Clock_GetSystemClockRate                     C:\Users\asus rog gl552vwdh71\Desktop\workspace\lpc_chip_175x_6x\Debug\liblpc_chip_175x_6x.a(clock_17xx_40xx.o)
                                                  C:\Users\asus rog gl552vwdh71\Desktop\workspace\lpc_chip_175x_6x\Debug\liblpc_chip_175x_6x.a(chip_17xx_40xx.o)
Chip_Clock_GetUSBClockDiv                         C:\Users\asus rog gl552vwdh71\Desktop\workspace\lpc_chip_175x_6x\Debug\liblpc_chip_175x_6x.a(clock_17xx_40xx.o)
Chip_Clock_GetUSBClockRate                        C:\Users\asus rog gl552vwdh71\Desktop\workspace\lpc_chip_175x_6x\Debug\liblpc_chip_175x_6x.a(clock_17xx_40xx.o)
Chip_Clock_GetUSBPLLOutClockRate                  C:\Users\asus rog gl552vwdh71\Desktop\workspace\lpc_chip_175x_6x\Debug\liblpc_chip_175x_6x.a(clock_17xx_40xx.o)
Chip_Clock_IsPeripheralClockEnabled               C:\Users\asus rog gl552vwdh71\Desktop\workspace\lpc_chip_175x_6x\Debug\liblpc_chip_175x_6x.a(clock_17xx_40xx.o)
Chip_Clock_SetCLKOUTSource                        C:\Users\asus rog gl552vwdh71\Desktop\workspace\lpc_chip_175x_6x\Debug\liblpc_chip_175x_6x.a(clock_17xx_40xx.o)
Chip_Clock_SetCPUClockDiv                         C:\Users\asus rog gl552vwdh71\Desktop\workspace\lpc_chip_175x_6x\Debug\liblpc_chip_175x_6x.a(clock_17xx_40xx.o)
                                                  C:\Users\asus rog gl552vwdh71\Desktop\workspace\lpc_chip_175x_6x\Debug\liblpc_chip_175x_6x.a(sysinit_17xx_40xx.o)
Chip_Clock_SetCPUClockSource                      C:\Users\asus rog gl552vwdh71\Desktop\workspace\lpc_chip_175x_6x\Debug\liblpc_chip_175x_6x.a(clock_17xx_40xx.o)
Chip_Clock_SetPCLKDiv                             C:\Users\asus rog gl552vwdh71\Desktop\workspace\lpc_chip_175x_6x\Debug\liblpc_chip_175x_6x.a(clock_17xx_40xx.o)
Chip_Clock_SetUSBClockDiv                         C:\Users\asus rog gl552vwdh71\Desktop\workspace\lpc_chip_175x_6x\Debug\liblpc_chip_175x_6x.a(clock_17xx_40xx.o)
Chip_Clock_SetupPLL                               C:\Users\asus rog gl552vwdh71\Desktop\workspace\lpc_chip_175x_6x\Debug\liblpc_chip_175x_6x.a(clock_17xx_40xx.o)
                                                  C:\Users\asus rog gl552vwdh71\Desktop\workspace\lpc_chip_175x_6x\Debug\liblpc_chip_175x_6x.a(sysinit_17xx_40xx.o)
                                                  C:\Users\asus rog gl552vwdh71\Desktop\workspace\lpc_chip_175x_6x\Debug\liblpc_chip_175x_6x.a(chip_17xx_40xx.o)
Chip_DAC_DeInit                                   C:\Users\asus rog gl552vwdh71\Desktop\workspace\lpc_chip_175x_6x\Debug\liblpc_chip_175x_6x.a(dac_17xx_40xx.o)
Chip_DAC_Init                                     C:\Users\asus rog gl552vwdh71\Desktop\workspace\lpc_chip_175x_6x\Debug\liblpc_chip_175x_6x.a(dac_17xx_40xx.o)
                                                  ./src/dac.o
Chip_DAC_SetBias                                  C:\Users\asus rog gl552vwdh71\Desktop\workspace\lpc_chip_175x_6x\Debug\liblpc_chip_175x_6x.a(dac_17xx_40xx.o)
Chip_DAC_UpdateValue                              C:\Users\asus rog gl552vwdh71\Desktop\workspace\lpc_chip_175x_6x\Debug\liblpc_chip_175x_6x.a(dac_17xx_40xx.o)
                                                  ./src/dac.o
Chip_I2S_DMA_RxCmd                                C:\Users\asus rog gl552vwdh71\Desktop\workspace\lpc_chip_175x_6x\Debug\liblpc_chip_175x_6x.a(i2s_17xx_40xx.o)
Chip_I2S_DMA_TxCmd                                C:\Users\asus rog gl552vwdh71\Desktop\workspace\lpc_chip_175x_6x\Debug\liblpc_chip_175x_6x.a(i2s_17xx_40xx.o)
Chip_I2S_DeInit                                   C:\Users\asus rog gl552vwdh71\Desktop\workspace\lpc_chip_175x_6x\Debug\liblpc_chip_175x_6x.a(i2s_17xx_40xx.o)
Chip_I2S_Init                                     C:\Users\asus rog gl552vwdh71\Desktop\workspace\lpc_chip_175x_6x\Debug\liblpc_chip_175x_6x.a(i2s_17xx_40xx.o)
                                                  C:\Users\asus rog gl552vwdh71\Desktop\workspace\lpc_board_nxp_lpcxpresso_1769\Debug\liblpc_board_nxp_lpcxpresso_1769.a(board.o)
Chip_I2S_Int_RxCmd                                C:\Users\asus rog gl552vwdh71\Desktop\workspace\lpc_chip_175x_6x\Debug\liblpc_chip_175x_6x.a(i2s_17xx_40xx.o)
Chip_I2S_Int_TxCmd                                C:\Users\asus rog gl552vwdh71\Desktop\workspace\lpc_chip_175x_6x\Debug\liblpc_chip_175x_6x.a(i2s_17xx_40xx.o)
Chip_I2S_RxConfig                                 C:\Users\asus rog gl552vwdh71\Desktop\workspace\lpc_chip_175x_6x\Debug\liblpc_chip_175x_6x.a(i2s_17xx_40xx.o)
Chip_I2S_TxConfig                                 C:\Users\asus rog gl552vwdh71\Desktop\workspace\lpc_chip_175x_6x\Debug\liblpc_chip_175x_6x.a(i2s_17xx_40xx.o)
                                                  C:\Users\asus rog gl552vwdh71\Desktop\workspace\lpc_board_nxp_lpcxpresso_1769\Debug\liblpc_board_nxp_lpcxpresso_1769.a(board.o)
Chip_IOCON_PinMux                                 C:\Users\asus rog gl552vwdh71\Desktop\workspace\lpc_chip_175x_6x\Debug\liblpc_chip_175x_6x.a(iocon_17xx_40xx.o)
                                                  C:\Users\asus rog gl552vwdh71\Desktop\workspace\lpc_board_nxp_lpcxpresso_1769\Debug\liblpc_board_nxp_lpcxpresso_1769.a(board.o)
Chip_IOCON_PinMuxSet                              C:\Users\asus rog gl552vwdh71\Desktop\workspace\lpc_chip_175x_6x\Debug\liblpc_chip_175x_6x.a(iocon_17xx_40xx.o)
Chip_IOCON_SetPinMuxing                           C:\Users\asus rog gl552vwdh71\Desktop\workspace\lpc_chip_175x_6x\Debug\liblpc_chip_175x_6x.a(iocon_17xx_40xx.o)
                                                  C:\Users\asus rog gl552vwdh71\Desktop\workspace\lpc_board_nxp_lpcxpresso_1769\Debug\liblpc_board_nxp_lpcxpresso_1769.a(board_sysinit.o)
Chip_SetupIrcClocking                             C:\Users\asus rog gl552vwdh71\Desktop\workspace\lpc_chip_175x_6x\Debug\liblpc_chip_175x_6x.a(sysinit_17xx_40xx.o)
Chip_SetupXtalClocking                            C:\Users\asus rog gl552vwdh71\Desktop\workspace\lpc_chip_175x_6x\Debug\liblpc_chip_175x_6x.a(sysinit_17xx_40xx.o)
                                                  C:\Users\asus rog gl552vwdh71\Desktop\workspace\lpc_board_nxp_lpcxpresso_1769\Debug\liblpc_board_nxp_lpcxpresso_1769.a(board_sysinit.o)
Chip_SystemInit                                   C:\Users\asus rog gl552vwdh71\Desktop\workspace\lpc_chip_175x_6x\Debug\liblpc_chip_175x_6x.a(sysinit_17xx_40xx.o)
Chip_UART_ABCmd                                   C:\Users\asus rog gl552vwdh71\Desktop\workspace\lpc_chip_175x_6x\Debug\liblpc_chip_175x_6x.a(uart_17xx_40xx.o)
Chip_UART_CheckBusy                               C:\Users\asus rog gl552vwdh71\Desktop\workspace\lpc_chip_175x_6x\Debug\liblpc_chip_175x_6x.a(uart_17xx_40xx.o)
Chip_UART_DeInit                                  C:\Users\asus rog gl552vwdh71\Desktop\workspace\lpc_chip_175x_6x\Debug\liblpc_chip_175x_6x.a(uart_17xx_40xx.o)
Chip_UART_GetABEOStatus                           C:\Users\asus rog gl552vwdh71\Desktop\workspace\lpc_chip_175x_6x\Debug\liblpc_chip_175x_6x.a(uart_17xx_40xx.o)
Chip_UART_IRQRBHandler                            C:\Users\asus rog gl552vwdh71\Desktop\workspace\lpc_chip_175x_6x\Debug\liblpc_chip_175x_6x.a(uart_17xx_40xx.o)
Chip_UART_Init                                    C:\Users\asus rog gl552vwdh71\Desktop\workspace\lpc_chip_175x_6x\Debug\liblpc_chip_175x_6x.a(uart_17xx_40xx.o)
                                                  C:\Users\asus rog gl552vwdh71\Desktop\workspace\lpc_board_nxp_lpcxpresso_1769\Debug\liblpc_board_nxp_lpcxpresso_1769.a(board.o)
Chip_UART_RXIntHandlerRB                          C:\Users\asus rog gl552vwdh71\Desktop\workspace\lpc_chip_175x_6x\Debug\liblpc_chip_175x_6x.a(uart_17xx_40xx.o)
Chip_UART_Read                                    C:\Users\asus rog gl552vwdh71\Desktop\workspace\lpc_chip_175x_6x\Debug\liblpc_chip_175x_6x.a(uart_17xx_40xx.o)
Chip_UART_ReadBlocking                            C:\Users\asus rog gl552vwdh71\Desktop\workspace\lpc_chip_175x_6x\Debug\liblpc_chip_175x_6x.a(uart_17xx_40xx.o)
Chip_UART_ReadRB                                  C:\Users\asus rog gl552vwdh71\Desktop\workspace\lpc_chip_175x_6x\Debug\liblpc_chip_175x_6x.a(uart_17xx_40xx.o)
Chip_UART_Send                                    C:\Users\asus rog gl552vwdh71\Desktop\workspace\lpc_chip_175x_6x\Debug\liblpc_chip_175x_6x.a(uart_17xx_40xx.o)
Chip_UART_SendBlocking                            C:\Users\asus rog gl552vwdh71\Desktop\workspace\lpc_chip_175x_6x\Debug\liblpc_chip_175x_6x.a(uart_17xx_40xx.o)
Chip_UART_SendRB                                  C:\Users\asus rog gl552vwdh71\Desktop\workspace\lpc_chip_175x_6x\Debug\liblpc_chip_175x_6x.a(uart_17xx_40xx.o)
Chip_UART_SetBaud                                 C:\Users\asus rog gl552vwdh71\Desktop\workspace\lpc_chip_175x_6x\Debug\liblpc_chip_175x_6x.a(uart_17xx_40xx.o)
                                                  C:\Users\asus rog gl552vwdh71\Desktop\workspace\lpc_board_nxp_lpcxpresso_1769\Debug\liblpc_board_nxp_lpcxpresso_1769.a(board.o)
Chip_UART_SetBaudFDR                              C:\Users\asus rog gl552vwdh71\Desktop\workspace\lpc_chip_175x_6x\Debug\liblpc_chip_175x_6x.a(uart_17xx_40xx.o)
Chip_UART_TXDisable                               C:\Users\asus rog gl552vwdh71\Desktop\workspace\lpc_chip_175x_6x\Debug\liblpc_chip_175x_6x.a(uart_17xx_40xx.o)
Chip_UART_TXEnable                                C:\Users\asus rog gl552vwdh71\Desktop\workspace\lpc_chip_175x_6x\Debug\liblpc_chip_175x_6x.a(uart_17xx_40xx.o)
                                                  C:\Users\asus rog gl552vwdh71\Desktop\workspace\lpc_board_nxp_lpcxpresso_1769\Debug\liblpc_board_nxp_lpcxpresso_1769.a(board.o)
Chip_UART_TXIntHandlerRB                          C:\Users\asus rog gl552vwdh71\Desktop\workspace\lpc_chip_175x_6x\Debug\liblpc_chip_175x_6x.a(uart_17xx_40xx.o)
Chip_USB_Init                                     C:\Users\asus rog gl552vwdh71\Desktop\workspace\lpc_chip_175x_6x\Debug\liblpc_chip_175x_6x.a(chip_17xx_40xx.o)
DMA_IRQHandler                                    ./src/cr_startup_lpc175x_6x.o
DebugMon_Handler                                  ./src/cr_startup_lpc175x_6x.o
EINT0_IRQHandler                                  ./src/cr_startup_lpc175x_6x.o
EINT1_IRQHandler                                  ./src/cr_startup_lpc175x_6x.o
EINT2_IRQHandler                                  ./src/cr_startup_lpc175x_6x.o
EINT3_IRQHandler                                  ./src/cr_startup_lpc175x_6x.o
ETH_IRQHandler                                    ./src/cr_startup_lpc175x_6x.o
HardFault_Handler                                 ./src/cr_startup_lpc175x_6x.o
I2C0_IRQHandler                                   ./src/cr_startup_lpc175x_6x.o
I2C1_IRQHandler                                   ./src/cr_startup_lpc175x_6x.o
I2C2_IRQHandler                                   ./src/cr_startup_lpc175x_6x.o
I2S_IRQHandler                                    ./src/cr_startup_lpc175x_6x.o
InputA                                            ./src/ADCMSIS.o
                                                  ./src/adc.o
InputB                                            ./src/ADCMSIS.o
                                                  ./src/adc.o
IntDefaultHandler                                 ./src/cr_startup_lpc175x_6x.o
Joystick_GetStatus                                C:\Users\asus rog gl552vwdh71\Desktop\workspace\lpc_board_nxp_lpcxpresso_1769\Debug\liblpc_board_nxp_lpcxpresso_1769.a(board.o)
MCPWM_IRQHandler                                  ./src/cr_startup_lpc175x_6x.o
MemManage_Handler                                 ./src/cr_startup_lpc175x_6x.o
NMI_Handler                                       ./src/cr_startup_lpc175x_6x.o
OscRateIn                                         C:\Users\asus rog gl552vwdh71\Desktop\workspace\lpc_board_nxp_lpcxpresso_1769\Debug\liblpc_board_nxp_lpcxpresso_1769.a(board.o)
                                                  C:\Users\asus rog gl552vwdh71\Desktop\workspace\lpc_chip_175x_6x\Debug\liblpc_chip_175x_6x.a(clock_17xx_40xx.o)
OutputA                                           ./src/ADCMSIS.o
                                                  ./src/adc.o
OutputB                                           ./src/ADCMSIS.o
                                                  ./src/adc.o
PLL0_IRQHandler                                   ./src/cr_startup_lpc175x_6x.o
PLL1_IRQHandler                                   ./src/cr_startup_lpc175x_6x.o
PWM1_IRQHandler                                   ./src/cr_startup_lpc175x_6x.o
PendSV_Handler                                    ./src/cr_startup_lpc175x_6x.o
QEI_IRQHandler                                    ./src/cr_startup_lpc175x_6x.o
RIT_IRQHandler                                    ./src/cr_startup_lpc175x_6x.o
RTCOscRateIn                                      C:\Users\asus rog gl552vwdh71\Desktop\workspace\lpc_board_nxp_lpcxpresso_1769\Debug\liblpc_board_nxp_lpcxpresso_1769.a(board.o)
                                                  C:\Users\asus rog gl552vwdh71\Desktop\workspace\lpc_chip_175x_6x\Debug\liblpc_chip_175x_6x.a(clock_17xx_40xx.o)
RTC_IRQHandler                                    ./src/cr_startup_lpc175x_6x.o
ResetISR                                          ./src/cr_startup_lpc175x_6x.o
RingBuffer_Init                                   C:\Users\asus rog gl552vwdh71\Desktop\workspace\lpc_chip_175x_6x\Debug\liblpc_chip_175x_6x.a(ring_buffer.o)
RingBuffer_Insert                                 C:\Users\asus rog gl552vwdh71\Desktop\workspace\lpc_chip_175x_6x\Debug\liblpc_chip_175x_6x.a(ring_buffer.o)
                                                  C:\Users\asus rog gl552vwdh71\Desktop\workspace\lpc_chip_175x_6x\Debug\liblpc_chip_175x_6x.a(uart_17xx_40xx.o)
RingBuffer_InsertMult                             C:\Users\asus rog gl552vwdh71\Desktop\workspace\lpc_chip_175x_6x\Debug\liblpc_chip_175x_6x.a(ring_buffer.o)
                                                  C:\Users\asus rog gl552vwdh71\Desktop\workspace\lpc_chip_175x_6x\Debug\liblpc_chip_175x_6x.a(uart_17xx_40xx.o)
RingBuffer_Pop                                    C:\Users\asus rog gl552vwdh71\Desktop\workspace\lpc_chip_175x_6x\Debug\liblpc_chip_175x_6x.a(ring_buffer.o)
                                                  C:\Users\asus rog gl552vwdh71\Desktop\workspace\lpc_chip_175x_6x\Debug\liblpc_chip_175x_6x.a(uart_17xx_40xx.o)
RingBuffer_PopMult                                C:\Users\asus rog gl552vwdh71\Desktop\workspace\lpc_chip_175x_6x\Debug\liblpc_chip_175x_6x.a(ring_buffer.o)
                                                  C:\Users\asus rog gl552vwdh71\Desktop\workspace\lpc_chip_175x_6x\Debug\liblpc_chip_175x_6x.a(uart_17xx_40xx.o)
SBIQUAD1                                          ./src/ADCMSIS.o
SLP                                               ./src/ADCMSIS.o
SPI_IRQHandler                                    ./src/cr_startup_lpc175x_6x.o
SSP0_IRQHandler                                   ./src/cr_startup_lpc175x_6x.o
SSP1_IRQHandler                                   ./src/cr_startup_lpc175x_6x.o
SVC_Handler                                       ./src/cr_startup_lpc175x_6x.o
Serial_CreateStream                               C:\Users\asus rog gl552vwdh71\Desktop\workspace\lpc_board_nxp_lpcxpresso_1769\Debug\liblpc_board_nxp_lpcxpresso_1769.a(board.o)
SysTick_Handler                                   ./src/cr_startup_lpc175x_6x.o
SystemCoreClock                                   C:\Users\asus rog gl552vwdh71\Desktop\workspace\lpc_chip_175x_6x\Debug\liblpc_chip_175x_6x.a(chip_17xx_40xx.o)
SystemCoreClockUpdate                             C:\Users\asus rog gl552vwdh71\Desktop\workspace\lpc_chip_175x_6x\Debug\liblpc_chip_175x_6x.a(chip_17xx_40xx.o)
                                                  ./src/ADCMSIS.o
SystemInit                                        ./src/sysinit.o
                                                  ./src/cr_startup_lpc175x_6x.o
TIMER0_IRQHandler                                 ./src/cr_startup_lpc175x_6x.o
TIMER1_IRQHandler                                 ./src/cr_startup_lpc175x_6x.o
TIMER2_IRQHandler                                 ./src/cr_startup_lpc175x_6x.o
TIMER3_IRQHandler                                 ./src/cr_startup_lpc175x_6x.o
UART0_IRQHandler                                  ./src/cr_startup_lpc175x_6x.o
UART1_IRQHandler                                  ./src/cr_startup_lpc175x_6x.o
UART2_IRQHandler                                  ./src/cr_startup_lpc175x_6x.o
UART3_IRQHandler                                  ./src/cr_startup_lpc175x_6x.o
USBActivity_IRQHandler                            ./src/cr_startup_lpc175x_6x.o
USB_IRQHandler                                    ./src/cr_startup_lpc175x_6x.o
UsageFault_Handler                                ./src/cr_startup_lpc175x_6x.o
WDT_IRQHandler                                    ./src/cr_startup_lpc175x_6x.o
__aeabi_idiv0                                     c:/nxp/mcuxpressoide_11.6.0_8187/ide/plugins/com.nxp.mcuxpresso.tools.win32_11.6.0.202112161359/tools/bin/../lib/gcc/arm-none-eabi/10.3.1/thumb/v7-m/nofp\libcr_eabihelpers.a(division_idiv0.o)
                                                  c:/nxp/mcuxpressoide_11.6.0_8187/ide/plugins/com.nxp.mcuxpresso.tools.win32_11.6.0.202112161359/tools/bin/../lib/gcc/arm-none-eabi/10.3.1/thumb/v7-m/nofp\libcr_eabihelpers.a(division_64.o)
__aeabi_ldivmod                                   c:/nxp/mcuxpressoide_11.6.0_8187/ide/plugins/com.nxp.mcuxpresso.tools.win32_11.6.0.202112161359/tools/bin/../lib/gcc/arm-none-eabi/10.3.1/thumb/v7-m/nofp\libcr_eabihelpers.a(division_64.o)
__aeabi_lowlevel_memset                           c:/nxp/mcuxpressoide_11.6.0_8187/ide/plugins/com.nxp.mcuxpresso.tools.win32_11.6.0.202112161359/tools/bin/../lib/gcc/arm-none-eabi/10.3.1/thumb/v7-m/nofp\libcr_eabihelpers.a(memcpy.o)
                                                  c:/nxp/mcuxpressoide_11.6.0_8187/ide/plugins/com.nxp.mcuxpresso.tools.win32_11.6.0.202112161359/tools/bin/../lib/gcc/arm-none-eabi/10.3.1/../../../../arm-none-eabi/lib/thumb/v7-m/nofp\libcr_c.a(memset.o)
__aeabi_memclr                                    c:/nxp/mcuxpressoide_11.6.0_8187/ide/plugins/com.nxp.mcuxpresso.tools.win32_11.6.0.202112161359/tools/bin/../lib/gcc/arm-none-eabi/10.3.1/thumb/v7-m/nofp\libcr_eabihelpers.a(memcpy.o)
__aeabi_memclr4                                   c:/nxp/mcuxpressoide_11.6.0_8187/ide/plugins/com.nxp.mcuxpresso.tools.win32_11.6.0.202112161359/tools/bin/../lib/gcc/arm-none-eabi/10.3.1/thumb/v7-m/nofp\libcr_eabihelpers.a(memcpy.o)
__aeabi_memclr8                                   c:/nxp/mcuxpressoide_11.6.0_8187/ide/plugins/com.nxp.mcuxpresso.tools.win32_11.6.0.202112161359/tools/bin/../lib/gcc/arm-none-eabi/10.3.1/thumb/v7-m/nofp\libcr_eabihelpers.a(memcpy.o)
__aeabi_memcpy                                    c:/nxp/mcuxpressoide_11.6.0_8187/ide/plugins/com.nxp.mcuxpresso.tools.win32_11.6.0.202112161359/tools/bin/../lib/gcc/arm-none-eabi/10.3.1/thumb/v7-m/nofp\libcr_eabihelpers.a(memcpy.o)
                                                  c:/nxp/mcuxpressoide_11.6.0_8187/ide/plugins/com.nxp.mcuxpresso.tools.win32_11.6.0.202112161359/tools/bin/../lib/gcc/arm-none-eabi/10.3.1/../../../../arm-none-eabi/lib/thumb/v7-m/nofp\libcr_c.a(memcpy.o)
__aeabi_memcpy4                                   c:/nxp/mcuxpressoide_11.6.0_8187/ide/plugins/com.nxp.mcuxpresso.tools.win32_11.6.0.202112161359/tools/bin/../lib/gcc/arm-none-eabi/10.3.1/thumb/v7-m/nofp\libcr_eabihelpers.a(memcpy.o)
__aeabi_memcpy8                                   c:/nxp/mcuxpressoide_11.6.0_8187/ide/plugins/com.nxp.mcuxpresso.tools.win32_11.6.0.202112161359/tools/bin/../lib/gcc/arm-none-eabi/10.3.1/thumb/v7-m/nofp\libcr_eabihelpers.a(memcpy.o)
__aeabi_memmove                                   c:/nxp/mcuxpressoide_11.6.0_8187/ide/plugins/com.nxp.mcuxpresso.tools.win32_11.6.0.202112161359/tools/bin/../lib/gcc/arm-none-eabi/10.3.1/thumb/v7-m/nofp\libcr_eabihelpers.a(memcpy.o)
__aeabi_memmove4                                  c:/nxp/mcuxpressoide_11.6.0_8187/ide/plugins/com.nxp.mcuxpresso.tools.win32_11.6.0.202112161359/tools/bin/../lib/gcc/arm-none-eabi/10.3.1/thumb/v7-m/nofp\libcr_eabihelpers.a(memcpy.o)
__aeabi_memmove8                                  c:/nxp/mcuxpressoide_11.6.0_8187/ide/plugins/com.nxp.mcuxpresso.tools.win32_11.6.0.202112161359/tools/bin/../lib/gcc/arm-none-eabi/10.3.1/thumb/v7-m/nofp\libcr_eabihelpers.a(memcpy.o)
__aeabi_memset                                    c:/nxp/mcuxpressoide_11.6.0_8187/ide/plugins/com.nxp.mcuxpresso.tools.win32_11.6.0.202112161359/tools/bin/../lib/gcc/arm-none-eabi/10.3.1/thumb/v7-m/nofp\libcr_eabihelpers.a(memcpy.o)
__aeabi_memset4                                   c:/nxp/mcuxpressoide_11.6.0_8187/ide/plugins/com.nxp.mcuxpresso.tools.win32_11.6.0.202112161359/tools/bin/../lib/gcc/arm-none-eabi/10.3.1/thumb/v7-m/nofp\libcr_eabihelpers.a(memcpy.o)
__aeabi_memset8                                   c:/nxp/mcuxpressoide_11.6.0_8187/ide/plugins/com.nxp.mcuxpresso.tools.win32_11.6.0.202112161359/tools/bin/../lib/gcc/arm-none-eabi/10.3.1/thumb/v7-m/nofp\libcr_eabihelpers.a(memcpy.o)
__aeabi_uldivmod                                  c:/nxp/mcuxpressoide_11.6.0_8187/ide/plugins/com.nxp.mcuxpresso.tools.win32_11.6.0.202112161359/tools/bin/../lib/gcc/arm-none-eabi/10.3.1/thumb/v7-m/nofp\libcr_eabihelpers.a(division_64.o)
                                                  C:\Users\asus rog gl552vwdh71\Desktop\workspace\lpc_chip_175x_6x\Debug\liblpc_chip_175x_6x.a(uart_17xx_40xx.o)
                                                  C:\Users\asus rog gl552vwdh71\Desktop\workspace\lpc_chip_175x_6x\Debug\liblpc_chip_175x_6x.a(i2s_17xx_40xx.o)
__bhs_ldivmod1                                    c:/nxp/mcuxpressoide_11.6.0_8187/ide/plugins/com.nxp.mcuxpresso.tools.win32_11.6.0.202112161359/tools/bin/../lib/gcc/arm-none-eabi/10.3.1/thumb/v7-m/nofp\libcr_eabihelpers.a(division_64.o)
__bss_section_table_end                           ./src/cr_startup_lpc175x_6x.o
__data_section_table                              ./src/cr_startup_lpc175x_6x.o
__data_section_table_end                          ./src/cr_startup_lpc175x_6x.o
__main                                            c:/nxp/mcuxpressoide_11.6.0_8187/ide/plugins/com.nxp.mcuxpresso.tools.win32_11.6.0.202112161359/tools/bin/../lib/gcc/arm-none-eabi/10.3.1/../../../../arm-none-eabi/lib/thumb/v7-m/nofp\libcr_c.a(__weak__main.o)
                                                  ./src/cr_startup_lpc175x_6x.o
__sys_readc                                       C:\Users\asus rog gl552vwdh71\Desktop\workspace\lpc_board_nxp_lpcxpresso_1769\Debug\liblpc_board_nxp_lpcxpresso_1769.a(board.o)
__sys_write                                       C:\Users\asus rog gl552vwdh71\Desktop\workspace\lpc_board_nxp_lpcxpresso_1769\Debug\liblpc_board_nxp_lpcxpresso_1769.a(board.o)
__valid_user_code_checksum                        ./src/cr_startup_lpc175x_6x.o